******************************************************************************
                  TI ARM Linker PC v16.9.6                     
******************************************************************************
>> Linked Thu Nov 03 14:00:02 2022

OUTPUT FILE NAME:   <Lab5_UARTComms.out>
ENTRY POINT SYMBOL: "_c_int00"  address: 00003c85


MEMORY CONFIGURATION

         name            origin    length      used     unused   attr    fill
----------------------  --------  ---------  --------  --------  ----  --------
  MAIN                  00000000   00040000  00004090  0003bf70  R  X
  INFO                  00200000   00004000  00000000  00004000  R  X
  SRAM_CODE             01000000   00010000  00003d51  0000c2af  RW X
  SRAM_DATA             20000000   00010000  00003d51  0000c2af  RW  


SEGMENT ALLOCATION MAP

run origin  load origin   length   init length attrs members
----------  ----------- ---------- ----------- ----- -------
00000000    00000000    00004090   00004090    r-x
  00000000    00000000    000000e4   000000e4    r-- .intvecs
  000000e4    000000e4    00003ee4   00003ee4    r-x .text
  00003fc8    00003fc8    00000020   00000020    r-- .const
  00003fe8    00003fe8    000000a8   000000a8    r-- .cinit
20000000    20000000    00003b54   00000000    rw-
  20000000    20000000    00003525   00000000    rw- .bss
  20003528    20003528    00000400   00000000    rw- .sysmem
  20003928    20003928    0000022c   00000000    rw- .data
2000fe00    2000fe00    00000200   00000000    rw-
  2000fe00    2000fe00    00000200   00000000    rw- .stack


SECTION ALLOCATION MAP

 output                                  attributes/
section   page    origin      length       input sections
--------  ----  ----------  ----------   ----------------
.intvecs   0    00000000    000000e4     
                  00000000    000000e4     startup_msp432p401r_ccs.obj (.intvecs:retain)

.binit     0    00000000    00000000     

.text      0    000000e4    00003ee4     
                  000000e4    00000a60     Lab5_UARTmain.obj (.text)
                  00000b44    000006bc     UART0.obj (.text)
                  00001200    000005ba     EUSCIA0.obj (.text)
                  000017ba    00000002     rtsv7M4_T_le_v4SPD16_eabi.lib : mpu_init.obj (.text)
                  000017bc    000003d0                                   : memory.obj (.text)
                  00001b8c    0000032c     system_msp432p401r.obj (.text)
                  00001eb8    00000304     Reflectance.obj (.text)
                  000021bc    00000248     LPF.obj (.text)
                  00002404    00000210     FIFO0.obj (.text)
                  00002614    000001e0     Clock.obj (.text)
                  000027f4    000001c4     rtsv7M4_T_le_v4SPD16_eabi.lib : fopen.obj (.text)
                  000029b8    000001b0     Motor.obj (.text)
                  00002b68    00000164     ADC14.obj (.text)
                  00002ccc    00000136     rtsv7M4_T_le_v4SPD16_eabi.lib : fd_div_t2.obj (.text)
                  00002e02    00000002                                   : startup.obj (.text)
                  00002e04    00000104     TA3InputCapture.obj (.text)
                  00002f08    000000fc     rtsv7M4_T_le_v4SPD16_eabi.lib : fd_mul_t2.obj (.text)
                  00003004    000000f4     LaunchPad.obj (.text)
                  000030f8    000000f0     BumpInt.obj (.text)
                  000031e8    000000ec     PWM.obj (.text)
                  000032d4    000000dc     rtsv7M4_T_le_v4SPD16_eabi.lib : setvbuf.obj (.text)
                  000033b0    000000c8                                   : fflush.obj (.text)
                  00003478    000000bc                                   : open.obj (.text)
                  00003534    000000b8                                   : add_device.obj (.text)
                  000035ec    000000a8     TimerA1.obj (.text)
                  00003694    0000009c     rtsv7M4_T_le_v4SPD16_eabi.lib : memcpy_t2.obj (.text)
                  00003730    00000098                                   : fclose.obj (.text)
                  000037c8    0000007a                                   : memset_t2.obj (.text)
                  00003842    00000002     --HOLE-- [fill = 0]
                  00003844    00000070                                   : autoinit.obj (.text)
                  000038b4    00000070                                   : getdevice.obj (.text)
                  00003924    00000068                                   : copy_decompress_lzss.obj (.text:decompress:lzss)
                  0000398c    00000068                                   : hostlseek.obj (.text)
                  000039f4    00000068                                   : hostrename.obj (.text)
                  00003a5c    00000068                                   : trgmsg.obj (.text)
                  00003ac4    00000060                                   : hostopen.obj (.text)
                  00003b24    0000005c                                   : close.obj (.text)
                  00003b80    00000058                                   : hostread.obj (.text)
                  00003bd8    00000058                                   : hostwrite.obj (.text)
                  00003c30    00000054     IRDistance.obj (.text)
                  00003c84    00000054     rtsv7M4_T_le_v4SPD16_eabi.lib : boot.obj (.text)
                  00003cd8    00000054                                   : exit.obj (.text)
                  00003d2c    0000004c                                   : cpy_tbl.obj (.text)
                  00003d78    00000048                                   : fd_toi_t2.obj (.text)
                  00003dc0    00000044                                   : hostclose.obj (.text)
                  00003e04    00000044                                   : hostunlink.obj (.text)
                  00003e48    00000036                                   : strncpy.obj (.text)
                  00003e7e    00000002     --HOLE-- [fill = 0]
                  00003e80    0000002c                                   : unlink.obj (.text)
                  00003eac    00000028                                   : write.obj (.text)
                  00003ed4    00000024     CortexM.obj (.text)
                  00003ef8    00000020     rtsv7M4_T_le_v4SPD16_eabi.lib : u_tofd_t2.obj (.text)
                  00003f18    00000018                                   : args_main.obj (.text)
                  00003f30    00000018                                   : strcmp.obj (.text)
                  00003f48    00000016                                   : strchr.obj (.text)
                  00003f5e    00000002     --HOLE-- [fill = 0]
                  00003f60    00000014                                   : _lock.obj (.text)
                  00003f74    00000014                                   : strcpy.obj (.text)
                  00003f88    00000014                                   : strlen.obj (.text)
                  00003f9c    0000000e                                   : copy_decompress_none.obj (.text:decompress:none)
                  00003faa    0000000e     startup_msp432p401r_ccs.obj (.text)
                  00003fb8    0000000c     rtsv7M4_T_le_v4SPD16_eabi.lib : copy_zero_init.obj (.text:decompress:ZI)
                  00003fc4    00000004                                   : pre_init.obj (.text)

.const     0    00003fc8    00000020     
                  00003fc8    00000020     Reflectance.obj (.const:$P$T0$1)

.cinit     0    00003fe8    000000a8     
                  00003fe8    00000081     (.cinit..data.load) [load image, compression = lzss]
                  00004069    00000003     --HOLE-- [fill = 0]
                  0000406c    0000000c     (__TI_handler_table)
                  00004078    00000008     (.cinit..bss.load) [load image, compression = zero_init]
                  00004080    00000010     (__TI_cinit_table)

.init_array 
*          0    00000000    00000000     UNINITIALIZED

.bss       0    20000000    00003525     UNINITIALIZED
                  20000000    00001000     (.common:x)
                  20001000    00001000     (.common:x2)
                  20002000    00001000     (.common:x3)
                  20003000    00000200     (.common:TxHistogram)
                  20003200    00000120     rtsv7M4_T_le_v4SPD16_eabi.lib : trgmsg.obj (.bss:_CIOBUF_)
                  20003320    000000a0     (.common:__TI_tmpnams)
                  200033c0    00000082     (.common:RxFifo0)
                  20003442    00000082     (.common:TxFifo0)
                  200034c4    00000008     (.common:Messageb)
                  200034cc    00000008     (.common:Messagec)
                  200034d4    00000008     (.common:parmbuf)
                  200034dc    00000004     (.common:ADCflag)
                  200034e0    00000004     (.common:I1)
                  200034e4    00000004     (.common:I2)
                  200034e8    00000004     (.common:I3)
                  200034ec    00000004     (.common:LPFSum)
                  200034f0    00000004     (.common:LPFSum2)
                  200034f4    00000004     (.common:LPFSum3)
                  200034f8    00000004     (.common:Messageindexb)
                  200034fc    00000004     (.common:Messageindexc)
                  20003500    00000004     (.common:Port4Task)
                  20003504    00000004     (.common:Size)
                  20003508    00000004     (.common:Size2)
                  2000350c    00000004     (.common:Size3)
                  20003510    00000004     (.common:TimerA1Task)
                  20003514    00000004     (.common:nc)
                  20003518    00000004     (.common:nl)
                  2000351c    00000004     (.common:nr)
                  20003520    00000002     (.common:Period0)
                  20003522    00000002     (.common:Period2)
                  20003524    00000001     (.common:ContactFlag)

.sysmem    0    20003528    00000400     UNINITIALIZED
                  20003528    00000008     rtsv7M4_T_le_v4SPD16_eabi.lib : memory.obj (.sysmem)
                  20003530    000003f8     --HOLE--

.data      0    20003928    0000022c     UNINITIALIZED
                  20003928    000000f0     rtsv7M4_T_le_v4SPD16_eabi.lib : defs.obj (.data:_ftable)
                  20003a18    00000078                                   : write.obj (.data:_device)
                  20003a90    00000050                                   : write.obj (.data:_stream)
                  20003ae0    00000018     Clock.obj (.data)
                  20003af8    00000010     Lab5_UARTmain.obj (.data)
                  20003b08    00000010     rtsv7M4_T_le_v4SPD16_eabi.lib : defs.obj (.data)
                  20003b18    0000000c                                   : exit.obj (.data:$O1$$)
                  20003b24    0000000c                                   : memory.obj (.data:$O1$$)
                  20003b30    00000008                                   : _lock.obj (.data:$O1$$)
                  20003b38    00000008     TA3InputCapture.obj (.data)
                  20003b40    00000004     rtsv7M4_T_le_v4SPD16_eabi.lib : add_device.obj (.data)
                  20003b44    00000004                                   : fopen.obj (.data)
                  20003b48    00000004                                   : open.obj (.data)
                  20003b4c    00000004                                   : stkdepth_vars.obj (.data)
                  20003b50    00000004     system_msp432p401r.obj (.data)

.stack     0    2000fe00    00000200     UNINITIALIZED
                  2000fe00    00000200     --HOLE--

MODULE SUMMARY

       Module                        code    ro data   rw data
       ------                        ----    -------   -------
    .\
       LPF.obj                       584     0         24648  
       Lab5_UARTmain.obj             2656    0         74     
       FIFO0.obj                     528     0         1544   
       UART0.obj                     1724    0         24     
       EUSCIA0.obj                   1466    0         24     
       system_msp432p401r.obj        812     0         8      
       Reflectance.obj               772     32        0      
       Clock.obj                     480     0         48     
       Motor.obj                     432     0         0      
       ADC14.obj                     356     0         0      
       TA3InputCapture.obj           260     0         16     
       BumpInt.obj                   240     0         8      
       LaunchPad.obj                 244     0         0      
       startup_msp432p401r_ccs.obj   14      228       0      
       PWM.obj                       236     0         0      
       TimerA1.obj                   168     0         8      
       IRDistance.obj                84      0         0      
       CortexM.obj                   36      0         0      
    +--+-----------------------------+-------+---------+---------+
       Total:                        11092   260       26402  
                                                              
    C:\ti\ccsv7\tools\compiler\ti-cgt-arm_16.9.6.LTS\lib\rtsv7M4_T_le_v4SPD16_eabi.lib
       memory.obj                    976     0         24     
       defs.obj                      0       0         832    
       trgmsg.obj                    104     0         576    
       fopen.obj                     452     0         8      
       write.obj                     40      0         400    
       fd_div_t2.obj                 310     0         0      
       fd_mul_t2.obj                 252     0         0      
       setvbuf.obj                   220     0         0      
       fflush.obj                    200     0         0      
       open.obj                      188     0         8      
       add_device.obj                184     0         8      
       memcpy_t2.obj                 156     0         0      
       fclose.obj                    152     0         0      
       memset_t2.obj                 122     0         0      
       autoinit.obj                  112     0         0      
       getdevice.obj                 112     0         0      
       hostopen.obj                  96      0         16     
       exit.obj                      84      0         24     
       copy_decompress_lzss.obj      104     0         0      
       hostlseek.obj                 104     0         0      
       hostrename.obj                104     0         0      
       close.obj                     92      0         0      
       hostread.obj                  88      0         0      
       hostwrite.obj                 88      0         0      
       boot.obj                      84      0         0      
       cpy_tbl.obj                   76      0         0      
       fd_toi_t2.obj                 72      0         0      
       hostclose.obj                 68      0         0      
       hostunlink.obj                68      0         0      
       strncpy.obj                   54      0         0      
       unlink.obj                    44      0         0      
       _lock.obj                     20      0         16     
       u_tofd_t2.obj                 32      0         0      
       args_main.obj                 24      0         0      
       strcmp.obj                    24      0         0      
       strchr.obj                    22      0         0      
       strcpy.obj                    20      0         0      
       strlen.obj                    20      0         0      
       copy_decompress_none.obj      14      0         0      
       copy_zero_init.obj            12      0         0      
       stkdepth_vars.obj             0       0         8      
       pre_init.obj                  4       0         0      
       mpu_init.obj                  2       0         0      
       startup.obj                   2       0         0      
    +--+-----------------------------+-------+---------+---------+
       Total:                        5002    0         1920   
                                                              
       Heap:                         0       0         2048   
       Stack:                        0       0         1024   
       Linker Generated:             0       165       0      
    +--+-----------------------------+-------+---------+---------+
       Grand Total:                  16094   425       31394  


LINKER GENERATED COPY TABLES

__TI_cinit_table @ 00004080 records: 2, size/record: 8, table size: 16
	.data: load addr=00003fe8, load size=00000081 bytes, run addr=20003928, run size=0000022c bytes, compression=lzss
	.bss: load addr=00004078, load size=00000008 bytes, run addr=20000000, run size=00003525 bytes, compression=zero_init


LINKER GENERATED HANDLER TABLE

__TI_handler_table @ 0000406c records: 3, size/record: 4, table size: 12
	index: 0, handler: __TI_decompress_lzss
	index: 1, handler: __TI_decompress_none
	index: 2, handler: __TI_zero_init


GLOBAL SYMBOLS: SORTED ALPHABETICALLY BY Name 

address   name                           
-------   ----                           
00002b69  ADC0_InitSWTriggerCh12         
00002bd9  ADC0_InitSWTriggerCh17_12_16   
00003fb7  ADC14_IRQHandler               
00002bb9  ADC_In12                       
00002c49  ADC_In17_12_16                 
200034dc  ADCflag                        
00003fb7  AES256_IRQHandler              
000030f9  BumpInt_Init                   
00003173  Bump_Read                      
00003fb7  BusFault_Handler               
00003cd9  C$$EXIT                        
00003a8b  C$$IO$$                        
00003fb7  COMP_E0_IRQHandler             
00003fb7  COMP_E1_IRQHandler             
20003ae8  CPMwait                        
00003fb7  CS_IRQHandler                  
20003b38  CaptureTask0                   
20003b3c  CaptureTask2                   
00003c49  CenterConvert                  
00000179  Check_Contact                  
20003ae0  ClockFrequency                 
00002769  Clock_Delay1ms                 
0000273f  Clock_Delay1us                 
0000272b  Clock_GetFreq                  
00002615  Clock_Init48MHz                
20003524  ContactFlag                    
20003af4  Crystalstable                  
00003fb7  DMA_ERR_IRQHandler             
00003fb7  DMA_INT0_IRQHandler            
00003fb7  DMA_INT1_IRQHandler            
00003fb7  DMA_INT2_IRQHandler            
00003fb7  DMA_INT3_IRQHandler            
00003fb7  DebugMon_Handler               
00003fb7  Default_Handler                
00003ed5  DisableInterrupts              
20003afc  Done0                          
20003b04  Done2                          
00001293  EUSCIA0_IRQHandler             
00001293  EUSCIA0_IRQHandler             
00001267  EUSCIA0_InChar                 
00001731  EUSCIA0_InString               
000012e7  EUSCIA0_InUDec                 
000015e5  EUSCIA0_InUHex                 
00001201  EUSCIA0_Init                   
00001279  EUSCIA0_OutChar                
000012c9  EUSCIA0_OutString              
0000136b  EUSCIA0_OutUDec                
000014fd  EUSCIA0_OutUDec4               
00001535  EUSCIA0_OutUDec5               
00001571  EUSCIA0_OutUFix1               
00001599  EUSCIA0_OutUFix2               
000016ad  EUSCIA0_OutUHex                
00001713  EUSCIA0_OutUHex2               
000016f1  EUSCIA0outnibble               
00003fb7  EUSCIA1_IRQHandler             
00003fb7  EUSCIA2_IRQHandler             
00003fb7  EUSCIA3_IRQHandler             
00003fb7  EUSCIB0_IRQHandler             
00003fb7  EUSCIB1_IRQHandler             
00003fb7  EUSCIB2_IRQHandler             
00003fb7  EUSCIB3_IRQHandler             
00003edb  EnableInterrupts               
00003eeb  EndCritical                    
00003fb7  FLCTL_IRQHandler               
00003fb7  FPU_IRQHandler                 
20003af8  First0                         
20003b00  First2                         
00003dc1  HOSTclose                      
0000398d  HOSTlseek                      
00003ac5  HOSTopen                       
00003b81  HOSTread                       
000039f5  HOSTrename                     
00003e05  HOSTunlink                     
00003bd9  HOSTwrite                      
00003fb7  HardFault_Handler              
200034e0  I1                             
200034e4  I2                             
200034e8  I3                             
20003af0  IFlags                         
00000135  IRSensor_Init                  
200034ec  LPFSum                         
200034f0  LPFSum2                        
200034f4  LPFSum3                        
0000221b  LPF_Calc                       
000022cd  LPF_Calc2                      
0000237f  LPF_Calc3                      
000021bd  LPF_Init                       
0000226f  LPF_Init2                      
00002321  LPF_Init3                      
00003005  LaunchPad_Init                 
00003075  LaunchPad_Input                
0000308f  LaunchPad_LED                  
000030ad  LaunchPad_Output               
00003c31  LeftConvert                    
00003fb7  MemManage_Handler              
200034c4  Messageb                       
200034cc  Messagec                       
200034f8  Messageindexb                  
200034fc  Messageindexc                  
00002b09  Motor_Backward                 
00002a65  Motor_Forward                  
000029b9  Motor_Init                     
00002acf  Motor_Left                     
00002a95  Motor_Right                    
00002a41  Motor_Stop                     
00003fb7  NMI_Handler                    
00003fb7  PCM_IRQHandler                 
00003fb7  PORT1_IRQHandler               
00003fb7  PORT2_IRQHandler               
00003fb7  PORT3_IRQHandler               
000031ab  PORT4_IRQHandler               
000031ab  PORT4_IRQHandler               
00003fb7  PORT5_IRQHandler               
00003fb7  PORT6_IRQHandler               
00003fb7  PSS_IRQHandler                 
0000326d  PWM_Duty3                      
0000328d  PWM_Duty4                      
000031e9  PWM_Init34                     
00003fb7  PendSV_Handler                 
20003520  Period0                        
20003522  Period2                        
00000191  PeriodMeasure0                 
000001bf  PeriodMeasure2                 
20003500  Port4Task                      
00001ec9  Port5_Init                     
00001f09  Port7_Init                     
00001f2b  Port7_InitToInput              
00001f1d  Port7_Output_ChargeCap         
00001ee9  Port9_Init                     
20003aec  Postwait                       
20003ae4  Prewait                        
000001ed  RSLK_Reset                     
00003fb7  RTC_C_IRQHandler               
00001f81  Reflectance_Center             
00002153  Reflectance_End                
00001eb9  Reflectance_Init               
00001fe5  Reflectance_Position           
00001f33  Reflectance_Read               
0000212d  Reflectance_Start              
00003fab  Reset_Handler                  
00003c61  RightConvert                   
200033c0  RxFifo0                        
0000257f  RxFifo0_Get                    
00002525  RxFifo0_Init                   
00002531  RxFifo0_Put                    
000025bd  RxFifo0_Size                   
UNDEFED   SHT$$INIT_ARRAY$$Base          
UNDEFED   SHT$$INIT_ARRAY$$Limit         
00003fb7  SVC_Handler                    
000000e5  SensorRead_ISR                 
20003504  Size                           
20003508  Size2                          
2000350c  Size3                          
00003ee1  StartCritical                  
00003fb7  SysTick_Handler                
20003b50  SystemCoreClock                
00001b8d  SystemCoreClockUpdate          
00001e01  SystemInit                     
00003fb7  T32_INT1_IRQHandler            
00003fb7  T32_INT2_IRQHandler            
00003fb7  T32_INTC_IRQHandler            
00003fb7  TA0_0_IRQHandler               
00003fb7  TA0_N_IRQHandler               
0000365f  TA1_0_IRQHandler               
0000365f  TA1_0_IRQHandler               
00003fb7  TA1_N_IRQHandler               
00003fb7  TA2_0_IRQHandler               
00003fb7  TA2_N_IRQHandler               
00002e97  TA3_0_IRQHandler               
00002e97  TA3_0_IRQHandler               
00002eb1  TA3_N_IRQHandler               
00002eb1  TA3_N_IRQHandler               
20003510  TimerA1Task                    
000035ed  TimerA1_Init                   
0000364b  TimerA1_Stop                   
00002e11  TimerA3Capture_Init            
20003442  TxFifo0                        
00002491  TxFifo0_Get                    
00002405  TxFifo0_Init                   
00002437  TxFifo0_Put                    
000024cf  TxFifo0_Size                   
20003000  TxHistogram                    
00000b8b  UART0_InChar                   
00001015  UART0_InString                 
00000bd5  UART0_InUDec                   
00000ec9  UART0_InUHex                   
00000b45  UART0_Init                     
00001175  UART0_Initprintf               
00000b9b  UART0_OutChar                  
00000bb7  UART0_OutString                
00000c59  UART0_OutUDec                  
00000dc5  UART0_OutUDec4                 
00000e19  UART0_OutUDec5                 
00000e55  UART0_OutUFix1                 
00000e7d  UART0_OutUFix2                 
00000f8d  UART0_OutUHex                  
00000ff9  UART0_OutUHex2                 
00003fb7  UsageFault_Handler             
4000480c  WDTCTL_SYM                     
00003fb7  WDT_A_IRQHandler               
00003ef3  WaitForInterrupt               
20003200  __CIOBUF_                      
20010000  __STACK_END                    
00000200  __STACK_SIZE                   
00000400  __SYSMEM_SIZE                  
00004080  __TI_CINIT_Base                
00004090  __TI_CINIT_Limit               
0000406c  __TI_Handler_Table_Base        
00004078  __TI_Handler_Table_Limit       
00003845  __TI_auto_init                 
000028bd  __TI_cleanup                   
20003b18  __TI_cleanup_ptr               
00003731  __TI_closefile                 
00003925  __TI_decompress_lzss           
00003f9d  __TI_decompress_none           
000033b1  __TI_doflush                   
20003b1c  __TI_dtors_ptr                 
20003b20  __TI_enable_exit_profile_output
20003b08  __TI_ft_end                    
ffffffff  __TI_pprof_out_hndl            
ffffffff  __TI_prof_data_size            
ffffffff  __TI_prof_data_start           
00003a8f  __TI_readmsg                   
00000000  __TI_static_base__             
20003320  __TI_tmpnams                   
00003a5d  __TI_writemsg                  
00003fb9  __TI_zero_init                 
00003d79  __aeabi_d2iz                   
00002ccd  __aeabi_ddiv                   
00002f09  __aeabi_dmul                   
000037c9  __aeabi_memclr                 
000037c9  __aeabi_memclr4                
000037c9  __aeabi_memclr8                
00003695  __aeabi_memcpy                 
00003695  __aeabi_memcpy4                
00003695  __aeabi_memcpy8                
000037cb  __aeabi_memset                 
000037cb  __aeabi_memset4                
000037cb  __aeabi_memset8                
20003b14  __aeabi_stderr                 
20003b0c  __aeabi_stdin                  
20003b10  __aeabi_stdout                 
00003ef9  __aeabi_ui2d                   
ffffffff  __binit__                      
ffffffff  __c_args__                     
000017bb  __mpu_init                     
2000fe00  __stack                        
00003f19  _args_main                     
00003c85  _c_int00                       
20003a18  _device                        
20003928  _ftable                        
20003b30  _lock                          
00003f6f  _nop                           
00003f67  _register_lock                 
00003f61  _register_unlock               
20003a90  _stream                        
20003528  _sys_memory                    
00002e03  _system_post_cinit             
00003fc5  _system_pre_init               
20003b34  _unlock                        
00003cdd  abort                          
00003535  add_device                     
ffffffff  binit                          
00001b5d  calloc                         
00003b25  close                          
00003d2d  copy_in                        
00002731  delay                          
00003ce5  exit                           
00003797  fclose                         
000010af  ferror                         
000033fd  fflush                         
0000108f  fgetc                          
000038b5  finddevice                     
00002913  fopen                          
000018a7  free                           
000028e9  freopen                        
000038df  getdevice                      
00000000  interruptVectors               
00000251  main                           
20003b4c  main_func_sp                   
0000183d  malloc                         
00001a71  memalign                       
00003695  memcpy                         
000037d1  memset                         
000017bd  minit                          
20003514  nc                             
20003518  nl                             
2000351c  nr                             
00003479  open                           
00000fd1  outnibble                      
200034d4  parmbuf                        
00001967  realloc                        
00003e81  remove                         
000032d5  setvbuf                        
00003f49  strchr                         
00003f31  strcmp                         
00003f75  strcpy                         
00003f89  strlen                         
00003e49  strncpy                        
00002e05  ta3dummy                       
000010cd  uart_close                     
0000114b  uart_lseek                     
000010bd  uart_open                      
000010df  uart_read                      
00001167  uart_rename                    
0000115b  uart_unlink                    
00001109  uart_write                     
00003e81  unlink                         
00003ead  write                          
20000000  x                              
20001000  x2                             
20002000  x3                             


GLOBAL SYMBOLS: SORTED BY Symbol Address 

address   name                           
-------   ----                           
00000000  __TI_static_base__             
00000000  interruptVectors               
000000e5  SensorRead_ISR                 
00000135  IRSensor_Init                  
00000179  Check_Contact                  
00000191  PeriodMeasure0                 
000001bf  PeriodMeasure2                 
000001ed  RSLK_Reset                     
00000200  __STACK_SIZE                   
00000251  main                           
00000400  __SYSMEM_SIZE                  
00000b45  UART0_Init                     
00000b8b  UART0_InChar                   
00000b9b  UART0_OutChar                  
00000bb7  UART0_OutString                
00000bd5  UART0_InUDec                   
00000c59  UART0_OutUDec                  
00000dc5  UART0_OutUDec4                 
00000e19  UART0_OutUDec5                 
00000e55  UART0_OutUFix1                 
00000e7d  UART0_OutUFix2                 
00000ec9  UART0_InUHex                   
00000f8d  UART0_OutUHex                  
00000fd1  outnibble                      
00000ff9  UART0_OutUHex2                 
00001015  UART0_InString                 
0000108f  fgetc                          
000010af  ferror                         
000010bd  uart_open                      
000010cd  uart_close                     
000010df  uart_read                      
00001109  uart_write                     
0000114b  uart_lseek                     
0000115b  uart_unlink                    
00001167  uart_rename                    
00001175  UART0_Initprintf               
00001201  EUSCIA0_Init                   
00001267  EUSCIA0_InChar                 
00001279  EUSCIA0_OutChar                
00001293  EUSCIA0_IRQHandler             
00001293  EUSCIA0_IRQHandler             
000012c9  EUSCIA0_OutString              
000012e7  EUSCIA0_InUDec                 
0000136b  EUSCIA0_OutUDec                
000014fd  EUSCIA0_OutUDec4               
00001535  EUSCIA0_OutUDec5               
00001571  EUSCIA0_OutUFix1               
00001599  EUSCIA0_OutUFix2               
000015e5  EUSCIA0_InUHex                 
000016ad  EUSCIA0_OutUHex                
000016f1  EUSCIA0outnibble               
00001713  EUSCIA0_OutUHex2               
00001731  EUSCIA0_InString               
000017bb  __mpu_init                     
000017bd  minit                          
0000183d  malloc                         
000018a7  free                           
00001967  realloc                        
00001a71  memalign                       
00001b5d  calloc                         
00001b8d  SystemCoreClockUpdate          
00001e01  SystemInit                     
00001eb9  Reflectance_Init               
00001ec9  Port5_Init                     
00001ee9  Port9_Init                     
00001f09  Port7_Init                     
00001f1d  Port7_Output_ChargeCap         
00001f2b  Port7_InitToInput              
00001f33  Reflectance_Read               
00001f81  Reflectance_Center             
00001fe5  Reflectance_Position           
0000212d  Reflectance_Start              
00002153  Reflectance_End                
000021bd  LPF_Init                       
0000221b  LPF_Calc                       
0000226f  LPF_Init2                      
000022cd  LPF_Calc2                      
00002321  LPF_Init3                      
0000237f  LPF_Calc3                      
00002405  TxFifo0_Init                   
00002437  TxFifo0_Put                    
00002491  TxFifo0_Get                    
000024cf  TxFifo0_Size                   
00002525  RxFifo0_Init                   
00002531  RxFifo0_Put                    
0000257f  RxFifo0_Get                    
000025bd  RxFifo0_Size                   
00002615  Clock_Init48MHz                
0000272b  Clock_GetFreq                  
00002731  delay                          
0000273f  Clock_Delay1us                 
00002769  Clock_Delay1ms                 
000028bd  __TI_cleanup                   
000028e9  freopen                        
00002913  fopen                          
000029b9  Motor_Init                     
00002a41  Motor_Stop                     
00002a65  Motor_Forward                  
00002a95  Motor_Right                    
00002acf  Motor_Left                     
00002b09  Motor_Backward                 
00002b69  ADC0_InitSWTriggerCh12         
00002bb9  ADC_In12                       
00002bd9  ADC0_InitSWTriggerCh17_12_16   
00002c49  ADC_In17_12_16                 
00002ccd  __aeabi_ddiv                   
00002e03  _system_post_cinit             
00002e05  ta3dummy                       
00002e11  TimerA3Capture_Init            
00002e97  TA3_0_IRQHandler               
00002e97  TA3_0_IRQHandler               
00002eb1  TA3_N_IRQHandler               
00002eb1  TA3_N_IRQHandler               
00002f09  __aeabi_dmul                   
00003005  LaunchPad_Init                 
00003075  LaunchPad_Input                
0000308f  LaunchPad_LED                  
000030ad  LaunchPad_Output               
000030f9  BumpInt_Init                   
00003173  Bump_Read                      
000031ab  PORT4_IRQHandler               
000031ab  PORT4_IRQHandler               
000031e9  PWM_Init34                     
0000326d  PWM_Duty3                      
0000328d  PWM_Duty4                      
000032d5  setvbuf                        
000033b1  __TI_doflush                   
000033fd  fflush                         
00003479  open                           
00003535  add_device                     
000035ed  TimerA1_Init                   
0000364b  TimerA1_Stop                   
0000365f  TA1_0_IRQHandler               
0000365f  TA1_0_IRQHandler               
00003695  __aeabi_memcpy                 
00003695  __aeabi_memcpy4                
00003695  __aeabi_memcpy8                
00003695  memcpy                         
00003731  __TI_closefile                 
00003797  fclose                         
000037c9  __aeabi_memclr                 
000037c9  __aeabi_memclr4                
000037c9  __aeabi_memclr8                
000037cb  __aeabi_memset                 
000037cb  __aeabi_memset4                
000037cb  __aeabi_memset8                
000037d1  memset                         
00003845  __TI_auto_init                 
000038b5  finddevice                     
000038df  getdevice                      
00003925  __TI_decompress_lzss           
0000398d  HOSTlseek                      
000039f5  HOSTrename                     
00003a5d  __TI_writemsg                  
00003a8b  C$$IO$$                        
00003a8f  __TI_readmsg                   
00003ac5  HOSTopen                       
00003b25  close                          
00003b81  HOSTread                       
00003bd9  HOSTwrite                      
00003c31  LeftConvert                    
00003c49  CenterConvert                  
00003c61  RightConvert                   
00003c85  _c_int00                       
00003cd9  C$$EXIT                        
00003cdd  abort                          
00003ce5  exit                           
00003d2d  copy_in                        
00003d79  __aeabi_d2iz                   
00003dc1  HOSTclose                      
00003e05  HOSTunlink                     
00003e49  strncpy                        
00003e81  remove                         
00003e81  unlink                         
00003ead  write                          
00003ed5  DisableInterrupts              
00003edb  EnableInterrupts               
00003ee1  StartCritical                  
00003eeb  EndCritical                    
00003ef3  WaitForInterrupt               
00003ef9  __aeabi_ui2d                   
00003f19  _args_main                     
00003f31  strcmp                         
00003f49  strchr                         
00003f61  _register_unlock               
00003f67  _register_lock                 
00003f6f  _nop                           
00003f75  strcpy                         
00003f89  strlen                         
00003f9d  __TI_decompress_none           
00003fab  Reset_Handler                  
00003fb7  ADC14_IRQHandler               
00003fb7  AES256_IRQHandler              
00003fb7  BusFault_Handler               
00003fb7  COMP_E0_IRQHandler             
00003fb7  COMP_E1_IRQHandler             
00003fb7  CS_IRQHandler                  
00003fb7  DMA_ERR_IRQHandler             
00003fb7  DMA_INT0_IRQHandler            
00003fb7  DMA_INT1_IRQHandler            
00003fb7  DMA_INT2_IRQHandler            
00003fb7  DMA_INT3_IRQHandler            
00003fb7  DebugMon_Handler               
00003fb7  Default_Handler                
00003fb7  EUSCIA1_IRQHandler             
00003fb7  EUSCIA2_IRQHandler             
00003fb7  EUSCIA3_IRQHandler             
00003fb7  EUSCIB0_IRQHandler             
00003fb7  EUSCIB1_IRQHandler             
00003fb7  EUSCIB2_IRQHandler             
00003fb7  EUSCIB3_IRQHandler             
00003fb7  FLCTL_IRQHandler               
00003fb7  FPU_IRQHandler                 
00003fb7  HardFault_Handler              
00003fb7  MemManage_Handler              
00003fb7  NMI_Handler                    
00003fb7  PCM_IRQHandler                 
00003fb7  PORT1_IRQHandler               
00003fb7  PORT2_IRQHandler               
00003fb7  PORT3_IRQHandler               
00003fb7  PORT5_IRQHandler               
00003fb7  PORT6_IRQHandler               
00003fb7  PSS_IRQHandler                 
00003fb7  PendSV_Handler                 
00003fb7  RTC_C_IRQHandler               
00003fb7  SVC_Handler                    
00003fb7  SysTick_Handler                
00003fb7  T32_INT1_IRQHandler            
00003fb7  T32_INT2_IRQHandler            
00003fb7  T32_INTC_IRQHandler            
00003fb7  TA0_0_IRQHandler               
00003fb7  TA0_N_IRQHandler               
00003fb7  TA1_N_IRQHandler               
00003fb7  TA2_0_IRQHandler               
00003fb7  TA2_N_IRQHandler               
00003fb7  UsageFault_Handler             
00003fb7  WDT_A_IRQHandler               
00003fb9  __TI_zero_init                 
00003fc5  _system_pre_init               
0000406c  __TI_Handler_Table_Base        
00004078  __TI_Handler_Table_Limit       
00004080  __TI_CINIT_Base                
00004090  __TI_CINIT_Limit               
20000000  x                              
20001000  x2                             
20002000  x3                             
20003000  TxHistogram                    
20003200  __CIOBUF_                      
20003320  __TI_tmpnams                   
200033c0  RxFifo0                        
20003442  TxFifo0                        
200034c4  Messageb                       
200034cc  Messagec                       
200034d4  parmbuf                        
200034dc  ADCflag                        
200034e0  I1                             
200034e4  I2                             
200034e8  I3                             
200034ec  LPFSum                         
200034f0  LPFSum2                        
200034f4  LPFSum3                        
200034f8  Messageindexb                  
200034fc  Messageindexc                  
20003500  Port4Task                      
20003504  Size                           
20003508  Size2                          
2000350c  Size3                          
20003510  TimerA1Task                    
20003514  nc                             
20003518  nl                             
2000351c  nr                             
20003520  Period0                        
20003522  Period2                        
20003524  ContactFlag                    
20003528  _sys_memory                    
20003928  _ftable                        
20003a18  _device                        
20003a90  _stream                        
20003ae0  ClockFrequency                 
20003ae4  Prewait                        
20003ae8  CPMwait                        
20003aec  Postwait                       
20003af0  IFlags                         
20003af4  Crystalstable                  
20003af8  First0                         
20003afc  Done0                          
20003b00  First2                         
20003b04  Done2                          
20003b08  __TI_ft_end                    
20003b0c  __aeabi_stdin                  
20003b10  __aeabi_stdout                 
20003b14  __aeabi_stderr                 
20003b18  __TI_cleanup_ptr               
20003b1c  __TI_dtors_ptr                 
20003b20  __TI_enable_exit_profile_output
20003b30  _lock                          
20003b34  _unlock                        
20003b38  CaptureTask0                   
20003b3c  CaptureTask2                   
20003b4c  main_func_sp                   
20003b50  SystemCoreClock                
2000fe00  __stack                        
20010000  __STACK_END                    
4000480c  WDTCTL_SYM                     
ffffffff  __TI_pprof_out_hndl            
ffffffff  __TI_prof_data_size            
ffffffff  __TI_prof_data_start           
ffffffff  __binit__                      
ffffffff  __c_args__                     
ffffffff  binit                          
UNDEFED   SHT$$INIT_ARRAY$$Base          
UNDEFED   SHT$$INIT_ARRAY$$Limit         

[312 symbols]
