******************************************************************************
                  TI ARM Linker PC v20.2.6                     
******************************************************************************
>> Linked Mon Oct 31 23:16:59 2022

OUTPUT FILE NAME:   <Lab1_C_Programming.out>
ENTRY POINT SYMBOL: "_c_int00_noargs"  address: 0000087d


MEMORY CONFIGURATION

         name            origin    length      used     unused   attr    fill
----------------------  --------  ---------  --------  --------  ----  --------
  MAIN                  00000000   00040000  0000090c  0003f6f4  R  X
  INFO                  00200000   00004000  00000000  00004000  R  X
  SRAM_CODE             01000000   00010000  0000021c  0000fde4  RW X
  SRAM_DATA             20000000   00010000  0000021c  0000fde4  RW  


SEGMENT ALLOCATION MAP

run origin  load origin   length   init length attrs members
----------  ----------- ---------- ----------- ----- -------
00000000    00000000    00000910   00000910    r-x
  00000000    00000000    000000e4   000000e4    r-- .intvecs
  000000e4    000000e4    000007f0   000007f0    r-x .text
  000008d4    000008d4    00000018   00000018    r-- .const
  000008f0    000008f0    00000020   00000020    r-- .cinit
20000000    20000000    0000001c   00000000    rw-
  20000000    20000000    0000001c   00000000    rw- .data
2000fe00    2000fe00    00000200   00000000    rw-
  2000fe00    2000fe00    00000200   00000000    rw- .stack


SECTION ALLOCATION MAP

 output                                  attributes/
section   page    origin      length       input sections
--------  ----  ----------  ----------   ----------------
.intvecs   0    00000000    000000e4     
                  00000000    000000e4     startup_msp432p401r_ccs.obj (.intvecs:retain)

.text      0    000000e4    000007f0     
                  000000e4    0000032c     system_msp432p401r.obj (.text)
                  00000410    000001e0     Clock.obj (.text)
                  000005f0    00000144     main.obj (.text)
                  00000734    0000009c     rtsv7M4_T_le_v4SPD16_eabi.lib : memcpy_t2.asm.obj (.text)
                  000007d0    00000068                                   : copy_decompress_lzss.c.obj (.text:decompress:lzss:__TI_decompress_lzss)
                  00000838    00000044                                   : autoinit.c.obj (.text:__TI_auto_init_nobinit_nopinit:__TI_auto_init_nobinit_nopinit)
                  0000087c    00000034                                   : boot_cortex_m.c.obj (.text:_c_int00_noargs:_c_int00_noargs)
                  000008b0    0000000e                                   : copy_decompress_none.c.obj (.text:decompress:none:__TI_decompress_none)
                  000008be    0000000e     startup_msp432p401r_ccs.obj (.text)
                  000008cc    00000004     rtsv7M4_T_le_v4SPD16_eabi.lib : pre_init.c.obj (.text:_system_pre_init)
                  000008d0    00000004                                   : exit.c.obj (.text:abort:abort)

.const     0    000008d4    00000018     
                  000008d4    00000018     main.obj (.const:$P$T0$1)

.cinit     0    000008f0    00000020     
                  000008f0    0000000d     (.cinit..data.load) [load image, compression = lzss]
                  000008fd    00000003     --HOLE-- [fill = 0]
                  00000900    00000008     (__TI_handler_table)
                  00000908    00000008     (__TI_cinit_table)

.init_array 
*          0    00000000    00000000     UNINITIALIZED

.binit     0    00000000    00000000     

.data      0    20000000    0000001c     UNINITIALIZED
                  20000000    00000018     Clock.obj (.data)
                  20000018    00000004     system_msp432p401r.obj (.data)

.stack     0    2000fe00    00000200     UNINITIALIZED
                  2000fe00    00000004     rtsv7M4_T_le_v4SPD16_eabi.lib : boot_cortex_m.c.obj (.stack)
                  2000fe04    000001fc     --HOLE--

__llvm_prf_cnts 
*          0    20000000    00000000     UNINITIALIZED

MODULE SUMMARY

       Module                        code   ro data   rw data
       ------                        ----   -------   -------
    .\
       system_msp432p401r.obj        812    0         8      
       Clock.obj                     480    0         48     
       main.obj                      324    24        0      
       startup_msp432p401r_ccs.obj   14     228       0      
    +--+-----------------------------+------+---------+---------+
       Total:                        1630   252       56     
                                                             
    C:\ti\ccs1200\ccs\tools\compiler\ti-cgt-arm_20.2.6.LTS\lib\rtsv7M4_T_le_v4SPD16_eabi.lib
       memcpy_t2.asm.obj             156    0         0      
       copy_decompress_lzss.c.obj    104    0         0      
       autoinit.c.obj                68     0         0      
       boot_cortex_m.c.obj           52     0         0      
       copy_decompress_none.c.obj    14     0         0      
       exit.c.obj                    4      0         0      
       pre_init.c.obj                4      0         0      
    +--+-----------------------------+------+---------+---------+
       Total:                        402    0         0      
                                                             
       Stack:                        0      0         1024   
       Linker Generated:             0      29        0      
    +--+-----------------------------+------+---------+---------+
       Grand Total:                  2032   281       1080   


LINKER GENERATED COPY TABLES

__TI_cinit_table @ 00000908 records: 1, size/record: 8, table size: 8
	.data: load addr=000008f0, load size=0000000d bytes, run addr=20000000, run size=0000001c bytes, compression=lzss


LINKER GENERATED HANDLER TABLE

__TI_handler_table @ 00000900 records: 2, size/record: 4, table size: 8
	index: 0, handler: __TI_decompress_lzss
	index: 1, handler: __TI_decompress_none


GLOBAL SYMBOLS: SORTED ALPHABETICALLY BY Name 

address   name                          
-------   ----                          
000008cb  ADC14_IRQHandler              
000008cb  AES256_IRQHandler             
0000062d  Bit_Manipulation              
00000663  Bit_ShiftExtract              
000008cb  BusFault_Handler              
000008d1  C$$EXIT                       
000008cb  COMP_E0_IRQHandler            
000008cb  COMP_E1_IRQHandler            
20000008  CPMwait                       
000008cb  CS_IRQHandler                 
20000000  ClockFrequency                
00000565  Clock_Delay1ms                
0000053b  Clock_Delay1us                
00000527  Clock_GetFreq                 
00000411  Clock_Init48MHz               
20000014  Crystalstable                 
000008cb  DMA_ERR_IRQHandler            
000008cb  DMA_INT0_IRQHandler           
000008cb  DMA_INT1_IRQHandler           
000008cb  DMA_INT2_IRQHandler           
000008cb  DMA_INT3_IRQHandler           
000008cb  DebugMon_Handler              
000008cb  Default_Handler               
000008cb  EUSCIA0_IRQHandler            
000008cb  EUSCIA1_IRQHandler            
000008cb  EUSCIA2_IRQHandler            
000008cb  EUSCIA3_IRQHandler            
000008cb  EUSCIB0_IRQHandler            
000008cb  EUSCIB1_IRQHandler            
000008cb  EUSCIB2_IRQHandler            
000008cb  EUSCIB3_IRQHandler            
000008cb  FLCTL_IRQHandler              
000008cb  FPU_IRQHandler                
000008cb  HardFault_Handler             
20000010  IFlags                        
000008cb  MemManage_Handler             
000008cb  NMI_Handler                   
000008cb  PCM_IRQHandler                
000008cb  PORT1_IRQHandler              
000008cb  PORT2_IRQHandler              
000008cb  PORT3_IRQHandler              
000008cb  PORT4_IRQHandler              
000008cb  PORT5_IRQHandler              
000008cb  PORT6_IRQHandler              
000008cb  PSS_IRQHandler                
000008cb  PendSV_Handler                
000005f1  Port1_Init                    
000006a9  Port1_Input                   
000006bb  Port1_Output                  
0000060f  Port2_Init                    
000006b5  Port2_Output                  
2000000c  Postwait                      
20000004  Prewait                       
000008cb  RTC_C_IRQHandler              
000008bf  Reset_Handler                 
000008cb  SVC_Handler                   
000008cb  SysTick_Handler               
20000018  SystemCoreClock               
000000e5  SystemCoreClockUpdate         
00000359  SystemInit                    
000008cb  T32_INT1_IRQHandler           
000008cb  T32_INT2_IRQHandler           
000008cb  T32_INTC_IRQHandler           
000008cb  TA0_0_IRQHandler              
000008cb  TA0_N_IRQHandler              
000008cb  TA1_0_IRQHandler              
000008cb  TA1_N_IRQHandler              
000008cb  TA2_0_IRQHandler              
000008cb  TA2_N_IRQHandler              
000008cb  TA3_0_IRQHandler              
000008cb  TA3_N_IRQHandler              
000008cb  UsageFault_Handler            
0000062b  Volatile_KeyWord              
4000480c  WDTCTL_SYM                    
000008cb  WDT_A_IRQHandler              
20010000  __STACK_END                   
00000200  __STACK_SIZE                  
00000908  __TI_CINIT_Base               
00000910  __TI_CINIT_Limit              
00000900  __TI_Handler_Table_Base       
00000908  __TI_Handler_Table_Limit      
00000839  __TI_auto_init_nobinit_nopinit
000007d1  __TI_decompress_lzss          
000008b1  __TI_decompress_none          
ffffffff  __TI_pprof_out_hndl           
ffffffff  __TI_prof_data_size           
ffffffff  __TI_prof_data_start          
00000000  __TI_static_base__            
00000735  __aeabi_memcpy                
00000735  __aeabi_memcpy4               
00000735  __aeabi_memcpy8               
ffffffff  __binit__                     
ffffffff  __c_args__                    
UNDEFED   __mpu_init                    
2000fe00  __stack                       
20000000  __start___llvm_prf_cnts       
20000000  __stop___llvm_prf_cnts        
0000087d  _c_int00_noargs               
UNDEFED   _system_post_cinit            
000008cd  _system_pre_init              
000008d1  abort                         
ffffffff  binit                         
0000052d  delay                         
00000000  interruptVectors              
000006c9  main                          
00000735  memcpy                        


GLOBAL SYMBOLS: SORTED BY Symbol Address 

address   name                          
-------   ----                          
00000000  __TI_static_base__            
00000000  interruptVectors              
000000e5  SystemCoreClockUpdate         
00000200  __STACK_SIZE                  
00000359  SystemInit                    
00000411  Clock_Init48MHz               
00000527  Clock_GetFreq                 
0000052d  delay                         
0000053b  Clock_Delay1us                
00000565  Clock_Delay1ms                
000005f1  Port1_Init                    
0000060f  Port2_Init                    
0000062b  Volatile_KeyWord              
0000062d  Bit_Manipulation              
00000663  Bit_ShiftExtract              
000006a9  Port1_Input                   
000006b5  Port2_Output                  
000006bb  Port1_Output                  
000006c9  main                          
00000735  __aeabi_memcpy                
00000735  __aeabi_memcpy4               
00000735  __aeabi_memcpy8               
00000735  memcpy                        
000007d1  __TI_decompress_lzss          
00000839  __TI_auto_init_nobinit_nopinit
0000087d  _c_int00_noargs               
000008b1  __TI_decompress_none          
000008bf  Reset_Handler                 
000008cb  ADC14_IRQHandler              
000008cb  AES256_IRQHandler             
000008cb  BusFault_Handler              
000008cb  COMP_E0_IRQHandler            
000008cb  COMP_E1_IRQHandler            
000008cb  CS_IRQHandler                 
000008cb  DMA_ERR_IRQHandler            
000008cb  DMA_INT0_IRQHandler           
000008cb  DMA_INT1_IRQHandler           
000008cb  DMA_INT2_IRQHandler           
000008cb  DMA_INT3_IRQHandler           
000008cb  DebugMon_Handler              
000008cb  Default_Handler               
000008cb  EUSCIA0_IRQHandler            
000008cb  EUSCIA1_IRQHandler            
000008cb  EUSCIA2_IRQHandler            
000008cb  EUSCIA3_IRQHandler            
000008cb  EUSCIB0_IRQHandler            
000008cb  EUSCIB1_IRQHandler            
000008cb  EUSCIB2_IRQHandler            
000008cb  EUSCIB3_IRQHandler            
000008cb  FLCTL_IRQHandler              
000008cb  FPU_IRQHandler                
000008cb  HardFault_Handler             
000008cb  MemManage_Handler             
000008cb  NMI_Handler                   
000008cb  PCM_IRQHandler                
000008cb  PORT1_IRQHandler              
000008cb  PORT2_IRQHandler              
000008cb  PORT3_IRQHandler              
000008cb  PORT4_IRQHandler              
000008cb  PORT5_IRQHandler              
000008cb  PORT6_IRQHandler              
000008cb  PSS_IRQHandler                
000008cb  PendSV_Handler                
000008cb  RTC_C_IRQHandler              
000008cb  SVC_Handler                   
000008cb  SysTick_Handler               
000008cb  T32_INT1_IRQHandler           
000008cb  T32_INT2_IRQHandler           
000008cb  T32_INTC_IRQHandler           
000008cb  TA0_0_IRQHandler              
000008cb  TA0_N_IRQHandler              
000008cb  TA1_0_IRQHandler              
000008cb  TA1_N_IRQHandler              
000008cb  TA2_0_IRQHandler              
000008cb  TA2_N_IRQHandler              
000008cb  TA3_0_IRQHandler              
000008cb  TA3_N_IRQHandler              
000008cb  UsageFault_Handler            
000008cb  WDT_A_IRQHandler              
000008cd  _system_pre_init              
000008d1  C$$EXIT                       
000008d1  abort                         
00000900  __TI_Handler_Table_Base       
00000908  __TI_CINIT_Base               
00000908  __TI_Handler_Table_Limit      
00000910  __TI_CINIT_Limit              
20000000  ClockFrequency                
20000000  __start___llvm_prf_cnts       
20000000  __stop___llvm_prf_cnts        
20000004  Prewait                       
20000008  CPMwait                       
2000000c  Postwait                      
20000010  IFlags                        
20000014  Crystalstable                 
20000018  SystemCoreClock               
2000fe00  __stack                       
20010000  __STACK_END                   
4000480c  WDTCTL_SYM                    
ffffffff  __TI_pprof_out_hndl           
ffffffff  __TI_prof_data_size           
ffffffff  __TI_prof_data_start          
ffffffff  __binit__                     
ffffffff  __c_args__                    
ffffffff  binit                         
UNDEFED   __mpu_init                    
UNDEFED   _system_post_cinit            

[106 symbols]
