******************************************************************************
                  TI ARM Linker PC v20.2.6                     
******************************************************************************
>> Linked Mon Oct 31 23:17:46 2022

OUTPUT FILE NAME:   <Lab4_ADC_IRSensors.out>
ENTRY POINT SYMBOL: "_c_int00_noargs"  address: 000020d1


MEMORY CONFIGURATION

         name            origin    length      used     unused   attr    fill
----------------------  --------  ---------  --------  --------  ----  --------
  MAIN                  00000000   00040000  0000234a  0003dcb6  R  X
  INFO                  00200000   00004000  00000000  00004000  R  X
  SRAM_CODE             01000000   00010000  00003a18  0000c5e8  RW X
  SRAM_DATA             20000000   00010000  00003a18  0000c5e8  RW  


SEGMENT ALLOCATION MAP

run origin  load origin   length   init length attrs members
----------  ----------- ---------- ----------- ----- -------
00000000    00000000    00002350   00002350    r-x
  00000000    00000000    000000e4   000000e4    r-- .intvecs
  000000e4    000000e4    000021ce   000021ce    r-x .text
  000022b8    000022b8    00000098   00000098    r-- .cinit
20000000    20000000    0000381c   00000000    rw-
  20000000    20000000    0000320c   00000000    rw- .bss
  20003210    20003210    00000400   00000000    rw- .sysmem
  20003610    20003610    0000020c   00000000    rw- .data
2000fe00    2000fe00    00000200   00000000    rw-
  2000fe00    2000fe00    00000200   00000000    rw- .stack


SECTION ALLOCATION MAP

 output                                  attributes/
section   page    origin      length       input sections
--------  ----  ----------  ----------   ----------------
.intvecs   0    00000000    000000e4     
                  00000000    000000e4     startup_msp432p401r_ccs.obj (.intvecs:retain)

.text      0    000000e4    000021ce     
                  000000e4    000006bc     UART0.obj (.text)
                  000007a0    0000032c     system_msp432p401r.obj (.text)
                  00000acc    00000248     LPF.obj (.text)
                  00000d14    000001e0     Clock.obj (.text)
                  00000ef4    00000184     Lab4_ADCmain.obj (.text)
                  00001078    00000164     ADC14.obj (.text)
                  000011dc    00000110     rtsv7M4_T_le_v4SPD16_eabi.lib : fopen.c.obj (.text:_openfile)
                  000012ec    00000100                                   : memory.c.obj (.text:aligned_alloc)
                  000013ec    000000f8     LaunchPad.obj (.text)
                  000014e4    000000e4     rtsv7M4_T_le_v4SPD16_eabi.lib : memory.c.obj (.text:free)
                  000015c8    000000dc                                   : setvbuf.c.obj (.text:setvbuf)
                  000016a4    000000bc                                   : open.c.obj (.text:open)
                  00001760    000000b8                                   : add_device.c.obj (.text:add_device)
                  00001818    000000a8     TimerA1.obj (.text)
                  000018c0    0000009c     rtsv7M4_T_le_v4SPD16_eabi.lib : fopen.c.obj (.text:fopen)
                  0000195c    0000009c                                   : memcpy_t2.asm.obj (.text)
                  000019f8    0000007a                                   : memset_t2.asm.obj (.text)
                  00001a72    00000002                                   : _lock.c.obj (.text:_nop)
                  00001a74    00000074                                   : fclose.c.obj (.text:__TI_closefile)
                  00001ae8    00000070                                   : memory.c.obj (.text:split)
                  00001b58    0000006c                                   : hostrename.c.obj (.text:HOSTrename)
                  00001bc4    00000068                                   : hostlseek.c.obj (.text:HOSTlseek)
                  00001c2c    00000068                                   : copy_decompress_lzss.c.obj (.text:decompress:lzss:__TI_decompress_lzss)
                  00001c94    00000060                                   : hostopen.c.obj (.text:HOSTopen)
                  00001cf4    0000005c                                   : close.c.obj (.text:close)
                  00001d50    00000058                                   : hostread.c.obj (.text:HOSTread)
                  00001da8    00000058                                   : hostwrite.c.obj (.text:HOSTwrite)
                  00001e00    00000054     IRDistance.obj (.text)
                  00001e54    0000004c     rtsv7M4_T_le_v4SPD16_eabi.lib : fflush.c.obj (.text:__TI_doflush)
                  00001ea0    00000048                                   : exit.c.obj (.text:exit)
                  00001ee8    00000044                                   : hostclose.c.obj (.text:HOSTclose)
                  00001f2c    00000044                                   : hostunlink.c.obj (.text:HOSTunlink)
                  00001f70    00000044                                   : autoinit.c.obj (.text:__TI_auto_init_nobinit_nopinit:__TI_auto_init_nobinit_nopinit)
                  00001fb4    00000044                                   : getdevice.c.obj (.text:getdevice)
                  00001ff8    00000038                                   : trgmsg.c.obj (.text:__TI_writemsg)
                  00002030    00000036                                   : strncpy.c.obj (.text:strncpy)
                  00002066    00000002     --HOLE-- [fill = 0]
                  00002068    00000034                                   : fopen.c.obj (.text:__TI_cleanup)
                  0000209c    00000034                                   : trgmsg.c.obj (.text:__TI_readmsg)
                  000020d0    00000034                                   : boot_cortex_m.c.obj (.text:_c_int00_noargs:_c_int00_noargs)
                  00002104    00000034                                   : fopen.c.obj (.text:freopen)
                  00002138    00000030                                   : getdevice.c.obj (.text:finddevice)
                  00002168    0000002c                                   : unlink.c.obj (.text:unlink)
                  00002194    00000028                                   : memory.c.obj (.text:free_list_insert)
                  000021bc    00000028                                   : write.c.obj (.text:write)
                  000021e4    00000024     CortexM.obj (.text)
                  00002208    0000001c     rtsv7M4_T_le_v4SPD16_eabi.lib : memory.c.obj (.text:free_list_remove)
                  00002224    00000018                                   : strcmp.c.obj (.text:strcmp)
                  0000223c    00000016                                   : strchr.c.obj (.text:strchr)
                  00002252    00000014                                   : strcpy.c.obj (.text:strcpy)
                  00002266    00000014                                   : strlen.c.obj (.text:strlen)
                  0000227a    0000000e                                   : copy_decompress_none.c.obj (.text:decompress:none:__TI_decompress_none)
                  00002288    0000000e     startup_msp432p401r_ccs.obj (.text)
                  00002296    0000000c     rtsv7M4_T_le_v4SPD16_eabi.lib : copy_zero_init.c.obj (.text:decompress:ZI:__TI_zero_init)
                  000022a2    00000008                                   : memory.c.obj (.text:malloc)
                  000022aa    00000004                                   : pre_init.c.obj (.text:_system_pre_init)
                  000022ae    00000004                                   : exit.c.obj (.text:abort:abort)

.cinit     0    000022b8    00000098     
                  000022b8    00000072     (.cinit..data.load) [load image, compression = lzss]
                  0000232a    00000002     --HOLE-- [fill = 0]
                  0000232c    0000000c     (__TI_handler_table)
                  00002338    00000008     (.cinit..bss.load) [load image, compression = zero_init]
                  00002340    00000010     (__TI_cinit_table)

.init_array 
*          0    00000000    00000000     UNINITIALIZED

.binit     0    00000000    00000000     

.bss       0    20000000    0000320c     UNINITIALIZED
                  20000000    00001000     (.common:x)
                  20001000    00001000     (.common:x2)
                  20002000    00001000     (.common:x3)
                  20003000    00000120     rtsv7M4_T_le_v4SPD16_eabi.lib : trgmsg.c.obj (.bss:_CIOBUF_)
                  20003120    000000a0     (.common:__TI_tmpnams)
                  200031c0    00000008     (.common:Messageb)
                  200031c8    00000008     (.common:parmbuf)
                  200031d0    00000004     (.common:ADCflag)
                  200031d4    00000004     (.common:I1)
                  200031d8    00000004     (.common:I2)
                  200031dc    00000004     (.common:I3)
                  200031e0    00000004     (.common:LPFSum)
                  200031e4    00000004     (.common:LPFSum2)
                  200031e8    00000004     (.common:LPFSum3)
                  200031ec    00000004     (.common:Messageindexb)
                  200031f0    00000004     (.common:Size)
                  200031f4    00000004     (.common:Size2)
                  200031f8    00000004     (.common:Size3)
                  200031fc    00000004     (.common:TimerA1Task)
                  20003200    00000004     (.common:nc)
                  20003204    00000004     (.common:nl)
                  20003208    00000004     (.common:nr)

.sysmem    0    20003210    00000400     UNINITIALIZED
                  20003210    00000010     rtsv7M4_T_le_v4SPD16_eabi.lib : memory.c.obj (.sysmem)
                  20003220    000003f0     --HOLE--

.data      0    20003610    0000020c     UNINITIALIZED
                  20003610    000000f0     rtsv7M4_T_le_v4SPD16_eabi.lib : defs.c.obj (.data:_ftable)
                  20003700    00000078                                   : host_device.c.obj (.data:_device)
                  20003778    00000050                                   : host_device.c.obj (.data:_stream)
                  200037c8    00000018     Clock.obj (.data)
                  200037e0    00000010     rtsv7M4_T_le_v4SPD16_eabi.lib : defs.c.obj (.data)
                  200037f0    0000000c                                   : exit.c.obj (.data:$O1$$)
                  200037fc    00000008                                   : _lock.c.obj (.data:$O1$$)
                  20003804    00000008                                   : memory.c.obj (.data:$O1$$)
                  2000380c    00000004                                   : add_device.c.obj (.data)
                  20003810    00000004                                   : fopen.c.obj (.data)
                  20003814    00000004                                   : open.c.obj (.data)
                  20003818    00000004     system_msp432p401r.obj (.data)

.stack     0    2000fe00    00000200     UNINITIALIZED
                  2000fe00    00000004     rtsv7M4_T_le_v4SPD16_eabi.lib : boot_cortex_m.c.obj (.stack)
                  2000fe04    000001fc     --HOLE--

__llvm_prf_cnts 
*          0    20000000    00000000     UNINITIALIZED

MODULE SUMMARY

       Module                        code   ro data   rw data
       ------                        ----   -------   -------
    .\
       LPF.obj                       584    0         24648  
       UART0.obj                     1724   0         24     
       system_msp432p401r.obj        812    0         8      
       Clock.obj                     480    0         48     
       Lab4_ADCmain.obj              388    0         32     
       ADC14.obj                     356    0         0      
       LaunchPad.obj                 248    0         0      
       startup_msp432p401r_ccs.obj   14     228       0      
       TimerA1.obj                   168    0         8      
       IRDistance.obj                84     0         0      
       CortexM.obj                   36     0         0      
    +--+-----------------------------+------+---------+---------+
       Total:                        4894   228       24768  
                                                             
    C:\ti\ccs1200\ccs\tools\compiler\ti-cgt-arm_20.2.6.LTS\lib\rtsv7M4_T_le_v4SPD16_eabi.lib
       defs.c.obj                    0      0         832    
       memory.c.obj                  672    0         16     
       trgmsg.c.obj                  108    0         576    
       fopen.c.obj                   532    0         8      
       host_device.c.obj             0      0         400    
       setvbuf.c.obj                 220    0         0      
       open.c.obj                    188    0         8      
       add_device.c.obj              184    0         8      
       memcpy_t2.asm.obj             156    0         0      
       memset_t2.asm.obj             122    0         0      
       fclose.c.obj                  116    0         0      
       getdevice.c.obj               116    0         0      
       hostopen.c.obj                96     0         16     
       hostrename.c.obj              108    0         0      
       copy_decompress_lzss.c.obj    104    0         0      
       hostlseek.c.obj               104    0         0      
       exit.c.obj                    76     0         24     
       close.c.obj                   92     0         0      
       hostread.c.obj                88     0         0      
       hostwrite.c.obj               88     0         0      
       fflush.c.obj                  76     0         0      
       autoinit.c.obj                68     0         0      
       hostclose.c.obj               68     0         0      
       hostunlink.c.obj              68     0         0      
       strncpy.c.obj                 54     0         0      
       boot_cortex_m.c.obj           52     0         0      
       unlink.c.obj                  44     0         0      
       write.c.obj                   40     0         0      
       strcmp.c.obj                  24     0         0      
       strchr.c.obj                  22     0         0      
       strcpy.c.obj                  20     0         0      
       strlen.c.obj                  20     0         0      
       _lock.c.obj                   2      0         16     
       copy_decompress_none.c.obj    14     0         0      
       copy_zero_init.c.obj          12     0         0      
       pre_init.c.obj                4      0         0      
    +--+-----------------------------+------+---------+---------+
       Total:                        3758   0         1904   
                                                             
       Heap:                         0      0         2048   
       Stack:                        0      0         1024   
       Linker Generated:             0      150       0      
    +--+-----------------------------+------+---------+---------+
       Grand Total:                  8652   378       29744  


LINKER GENERATED COPY TABLES

__TI_cinit_table @ 00002340 records: 2, size/record: 8, table size: 16
	.data: load addr=000022b8, load size=00000072 bytes, run addr=20003610, run size=0000020c bytes, compression=lzss
	.bss: load addr=00002338, load size=00000008 bytes, run addr=20000000, run size=0000320c bytes, compression=zero_init


LINKER GENERATED HANDLER TABLE

__TI_handler_table @ 0000232c records: 3, size/record: 4, table size: 12
	index: 0, handler: __TI_decompress_lzss
	index: 1, handler: __TI_decompress_none
	index: 2, handler: __TI_zero_init


GLOBAL SYMBOLS: SORTED ALPHABETICALLY BY Name 

address   name                           
-------   ----                           
00001079  ADC0_InitSWTriggerCh12         
000010e9  ADC0_InitSWTriggerCh17_12_16   
00002295  ADC14_IRQHandler               
000010c9  ADC_In12                       
00001159  ADC_In17_12_16                 
200031d0  ADCflag                        
00002295  AES256_IRQHandler              
00002295  BusFault_Handler               
000022af  C$$EXIT                        
00002027  C$$IO$$                        
00002295  COMP_E0_IRQHandler             
00002295  COMP_E1_IRQHandler             
200037d0  CPMwait                        
00002295  CS_IRQHandler                  
00001e19  CenterConvert                  
200037c8  ClockFrequency                 
00000e69  Clock_Delay1ms                 
00000e3f  Clock_Delay1us                 
00000e2b  Clock_GetFreq                  
00000d15  Clock_Init48MHz                
200037dc  Crystalstable                  
00002295  DMA_ERR_IRQHandler             
00002295  DMA_INT0_IRQHandler            
00002295  DMA_INT1_IRQHandler            
00002295  DMA_INT2_IRQHandler            
00002295  DMA_INT3_IRQHandler            
00002295  DebugMon_Handler               
00002295  Default_Handler                
000021e5  DisableInterrupts              
00002295  EUSCIA0_IRQHandler             
00002295  EUSCIA1_IRQHandler             
00002295  EUSCIA2_IRQHandler             
00002295  EUSCIA3_IRQHandler             
00002295  EUSCIB0_IRQHandler             
00002295  EUSCIB1_IRQHandler             
00002295  EUSCIB2_IRQHandler             
00002295  EUSCIB3_IRQHandler             
000021eb  EnableInterrupts               
000021fb  EndCritical                    
00002295  FLCTL_IRQHandler               
00002295  FPU_IRQHandler                 
00001ee9  HOSTclose                      
00001bc5  HOSTlseek                      
00001c95  HOSTopen                       
00001d51  HOSTread                       
00001b59  HOSTrename                     
00001f2d  HOSTunlink                     
00001da9  HOSTwrite                      
00002295  HardFault_Handler              
200031d4  I1                             
200031d8  I2                             
200031dc  I3                             
200037d8  IFlags                         
200031e0  LPFSum                         
200031e4  LPFSum2                        
200031e8  LPFSum3                        
00000b2b  LPF_Calc                       
00000bdd  LPF_Calc2                      
00000c8f  LPF_Calc3                      
00000acd  LPF_Init                       
00000b7f  LPF_Init2                      
00000c31  LPF_Init3                      
000013ed  LaunchPad_Init                 
0000145d  LaunchPad_Input                
0000147b  LaunchPad_LED                  
00001499  LaunchPad_Output               
00001e01  LeftConvert                    
00002295  MemManage_Handler              
200031c0  Messageb                       
200031ec  Messageindexb                  
00002295  NMI_Handler                    
00002295  PCM_IRQHandler                 
00002295  PORT1_IRQHandler               
00002295  PORT2_IRQHandler               
00002295  PORT3_IRQHandler               
00002295  PORT4_IRQHandler               
00002295  PORT5_IRQHandler               
00002295  PORT6_IRQHandler               
00002295  PSS_IRQHandler                 
00002295  PendSV_Handler                 
200037d4  Postwait                       
200037cc  Prewait                        
00002295  RTC_C_IRQHandler               
00002289  Reset_Handler                  
00001e31  RightConvert                   
00002295  SVC_Handler                    
00000ef5  SensorRead_ISR                 
200031f0  Size                           
200031f4  Size2                          
200031f8  Size3                          
000021f1  StartCritical                  
00002295  SysTick_Handler                
20003818  SystemCoreClock                
000007a1  SystemCoreClockUpdate          
00000a15  SystemInit                     
00002295  T32_INT1_IRQHandler            
00002295  T32_INT2_IRQHandler            
00002295  T32_INTC_IRQHandler            
00002295  TA0_0_IRQHandler               
00002295  TA0_N_IRQHandler               
0000188b  TA1_0_IRQHandler               
0000188b  TA1_0_IRQHandler               
00002295  TA1_N_IRQHandler               
00002295  TA2_0_IRQHandler               
00002295  TA2_N_IRQHandler               
00002295  TA3_0_IRQHandler               
00002295  TA3_N_IRQHandler               
200031fc  TimerA1Task                    
00001819  TimerA1_Init                   
00001877  TimerA1_Stop                   
0000012b  UART0_InChar                   
000005b5  UART0_InString                 
00000175  UART0_InUDec                   
00000469  UART0_InUHex                   
000000e5  UART0_Init                     
00000715  UART0_Initprintf               
0000013b  UART0_OutChar                  
00000157  UART0_OutString                
000001f9  UART0_OutUDec                  
00000365  UART0_OutUDec4                 
000003b9  UART0_OutUDec5                 
000003f5  UART0_OutUFix1                 
0000041d  UART0_OutUFix2                 
0000052d  UART0_OutUHex                  
00000599  UART0_OutUHex2                 
00002295  UsageFault_Handler             
4000480c  WDTCTL_SYM                     
00002295  WDT_A_IRQHandler               
00002203  WaitForInterrupt               
20003000  __CIOBUF_                      
20010000  __STACK_END                    
00000200  __STACK_SIZE                   
00000400  __SYSMEM_SIZE                  
00002340  __TI_CINIT_Base                
00002350  __TI_CINIT_Limit               
0000232c  __TI_Handler_Table_Base        
00002338  __TI_Handler_Table_Limit       
00001f71  __TI_auto_init_nobinit_nopinit 
00002069  __TI_cleanup                   
200037f0  __TI_cleanup_ptr               
00001a75  __TI_closefile                 
00001c2d  __TI_decompress_lzss           
0000227b  __TI_decompress_none           
00001e55  __TI_doflush                   
200037f4  __TI_dtors_ptr                 
200037f8  __TI_enable_exit_profile_output
200037e0  __TI_ft_end                    
ffffffff  __TI_pprof_out_hndl            
ffffffff  __TI_prof_data_size            
ffffffff  __TI_prof_data_start           
0000209d  __TI_readmsg                   
00000000  __TI_static_base__             
20003120  __TI_tmpnams                   
00001ff9  __TI_writemsg                  
00002297  __TI_zero_init                 
000019f9  __aeabi_memclr                 
000019f9  __aeabi_memclr4                
000019f9  __aeabi_memclr8                
0000195d  __aeabi_memcpy                 
0000195d  __aeabi_memcpy4                
0000195d  __aeabi_memcpy8                
000019fb  __aeabi_memset                 
000019fb  __aeabi_memset4                
000019fb  __aeabi_memset8                
200037ec  __aeabi_stderr                 
200037e4  __aeabi_stdin                  
200037e8  __aeabi_stdout                 
ffffffff  __binit__                      
ffffffff  __c_args__                     
UNDEFED   __mpu_init                     
2000fe00  __stack                        
20000000  __start___llvm_prf_cnts        
20000000  __stop___llvm_prf_cnts         
000020d1  _c_int00_noargs                
20003700  _device                        
20003610  _ftable                        
200037fc  _lock                          
00001a73  _nop                           
20003778  _stream                        
20003210  _sys_memory                    
UNDEFED   _system_post_cinit             
000022ab  _system_pre_init               
20003800  _unlock                        
000022af  abort                          
00001761  add_device                     
000012ed  aligned_alloc                  
ffffffff  binit                          
00001cf5  close                          
00000e31  delay                          
00001ea1  exit                           
0000064f  ferror                         
0000062f  fgetc                          
00002139  finddevice                     
000018c1  fopen                          
000014e5  free                           
00002105  freopen                        
00001fb5  getdevice                      
00000000  interruptVectors               
00000f45  main                           
000022a3  malloc                         
000012ed  memalign                       
0000195d  memcpy                         
00001a01  memset                         
20003200  nc                             
20003204  nl                             
20003208  nr                             
000016a5  open                           
00000571  outnibble                      
200031c8  parmbuf                        
00002169  remove                         
000015c9  setvbuf                        
0000223d  strchr                         
00002225  strcmp                         
00002253  strcpy                         
00002267  strlen                         
00002031  strncpy                        
0000066d  uart_close                     
000006eb  uart_lseek                     
0000065d  uart_open                      
0000067f  uart_read                      
00000707  uart_rename                    
000006fb  uart_unlink                    
000006a9  uart_write                     
00002169  unlink                         
000021bd  write                          
20000000  x                              
20001000  x2                             
20002000  x3                             


GLOBAL SYMBOLS: SORTED BY Symbol Address 

address   name                           
-------   ----                           
00000000  __TI_static_base__             
00000000  interruptVectors               
000000e5  UART0_Init                     
0000012b  UART0_InChar                   
0000013b  UART0_OutChar                  
00000157  UART0_OutString                
00000175  UART0_InUDec                   
000001f9  UART0_OutUDec                  
00000200  __STACK_SIZE                   
00000365  UART0_OutUDec4                 
000003b9  UART0_OutUDec5                 
000003f5  UART0_OutUFix1                 
00000400  __SYSMEM_SIZE                  
0000041d  UART0_OutUFix2                 
00000469  UART0_InUHex                   
0000052d  UART0_OutUHex                  
00000571  outnibble                      
00000599  UART0_OutUHex2                 
000005b5  UART0_InString                 
0000062f  fgetc                          
0000064f  ferror                         
0000065d  uart_open                      
0000066d  uart_close                     
0000067f  uart_read                      
000006a9  uart_write                     
000006eb  uart_lseek                     
000006fb  uart_unlink                    
00000707  uart_rename                    
00000715  UART0_Initprintf               
000007a1  SystemCoreClockUpdate          
00000a15  SystemInit                     
00000acd  LPF_Init                       
00000b2b  LPF_Calc                       
00000b7f  LPF_Init2                      
00000bdd  LPF_Calc2                      
00000c31  LPF_Init3                      
00000c8f  LPF_Calc3                      
00000d15  Clock_Init48MHz                
00000e2b  Clock_GetFreq                  
00000e31  delay                          
00000e3f  Clock_Delay1us                 
00000e69  Clock_Delay1ms                 
00000ef5  SensorRead_ISR                 
00000f45  main                           
00001079  ADC0_InitSWTriggerCh12         
000010c9  ADC_In12                       
000010e9  ADC0_InitSWTriggerCh17_12_16   
00001159  ADC_In17_12_16                 
000012ed  aligned_alloc                  
000012ed  memalign                       
000013ed  LaunchPad_Init                 
0000145d  LaunchPad_Input                
0000147b  LaunchPad_LED                  
00001499  LaunchPad_Output               
000014e5  free                           
000015c9  setvbuf                        
000016a5  open                           
00001761  add_device                     
00001819  TimerA1_Init                   
00001877  TimerA1_Stop                   
0000188b  TA1_0_IRQHandler               
0000188b  TA1_0_IRQHandler               
000018c1  fopen                          
0000195d  __aeabi_memcpy                 
0000195d  __aeabi_memcpy4                
0000195d  __aeabi_memcpy8                
0000195d  memcpy                         
000019f9  __aeabi_memclr                 
000019f9  __aeabi_memclr4                
000019f9  __aeabi_memclr8                
000019fb  __aeabi_memset                 
000019fb  __aeabi_memset4                
000019fb  __aeabi_memset8                
00001a01  memset                         
00001a73  _nop                           
00001a75  __TI_closefile                 
00001b59  HOSTrename                     
00001bc5  HOSTlseek                      
00001c2d  __TI_decompress_lzss           
00001c95  HOSTopen                       
00001cf5  close                          
00001d51  HOSTread                       
00001da9  HOSTwrite                      
00001e01  LeftConvert                    
00001e19  CenterConvert                  
00001e31  RightConvert                   
00001e55  __TI_doflush                   
00001ea1  exit                           
00001ee9  HOSTclose                      
00001f2d  HOSTunlink                     
00001f71  __TI_auto_init_nobinit_nopinit 
00001fb5  getdevice                      
00001ff9  __TI_writemsg                  
00002027  C$$IO$$                        
00002031  strncpy                        
00002069  __TI_cleanup                   
0000209d  __TI_readmsg                   
000020d1  _c_int00_noargs                
00002105  freopen                        
00002139  finddevice                     
00002169  remove                         
00002169  unlink                         
000021bd  write                          
000021e5  DisableInterrupts              
000021eb  EnableInterrupts               
000021f1  StartCritical                  
000021fb  EndCritical                    
00002203  WaitForInterrupt               
00002225  strcmp                         
0000223d  strchr                         
00002253  strcpy                         
00002267  strlen                         
0000227b  __TI_decompress_none           
00002289  Reset_Handler                  
00002295  ADC14_IRQHandler               
00002295  AES256_IRQHandler              
00002295  BusFault_Handler               
00002295  COMP_E0_IRQHandler             
00002295  COMP_E1_IRQHandler             
00002295  CS_IRQHandler                  
00002295  DMA_ERR_IRQHandler             
00002295  DMA_INT0_IRQHandler            
00002295  DMA_INT1_IRQHandler            
00002295  DMA_INT2_IRQHandler            
00002295  DMA_INT3_IRQHandler            
00002295  DebugMon_Handler               
00002295  Default_Handler                
00002295  EUSCIA0_IRQHandler             
00002295  EUSCIA1_IRQHandler             
00002295  EUSCIA2_IRQHandler             
00002295  EUSCIA3_IRQHandler             
00002295  EUSCIB0_IRQHandler             
00002295  EUSCIB1_IRQHandler             
00002295  EUSCIB2_IRQHandler             
00002295  EUSCIB3_IRQHandler             
00002295  FLCTL_IRQHandler               
00002295  FPU_IRQHandler                 
00002295  HardFault_Handler              
00002295  MemManage_Handler              
00002295  NMI_Handler                    
00002295  PCM_IRQHandler                 
00002295  PORT1_IRQHandler               
00002295  PORT2_IRQHandler               
00002295  PORT3_IRQHandler               
00002295  PORT4_IRQHandler               
00002295  PORT5_IRQHandler               
00002295  PORT6_IRQHandler               
00002295  PSS_IRQHandler                 
00002295  PendSV_Handler                 
00002295  RTC_C_IRQHandler               
00002295  SVC_Handler                    
00002295  SysTick_Handler                
00002295  T32_INT1_IRQHandler            
00002295  T32_INT2_IRQHandler            
00002295  T32_INTC_IRQHandler            
00002295  TA0_0_IRQHandler               
00002295  TA0_N_IRQHandler               
00002295  TA1_N_IRQHandler               
00002295  TA2_0_IRQHandler               
00002295  TA2_N_IRQHandler               
00002295  TA3_0_IRQHandler               
00002295  TA3_N_IRQHandler               
00002295  UsageFault_Handler             
00002295  WDT_A_IRQHandler               
00002297  __TI_zero_init                 
000022a3  malloc                         
000022ab  _system_pre_init               
000022af  C$$EXIT                        
000022af  abort                          
0000232c  __TI_Handler_Table_Base        
00002338  __TI_Handler_Table_Limit       
00002340  __TI_CINIT_Base                
00002350  __TI_CINIT_Limit               
20000000  __start___llvm_prf_cnts        
20000000  __stop___llvm_prf_cnts         
20000000  x                              
20001000  x2                             
20002000  x3                             
20003000  __CIOBUF_                      
20003120  __TI_tmpnams                   
200031c0  Messageb                       
200031c8  parmbuf                        
200031d0  ADCflag                        
200031d4  I1                             
200031d8  I2                             
200031dc  I3                             
200031e0  LPFSum                         
200031e4  LPFSum2                        
200031e8  LPFSum3                        
200031ec  Messageindexb                  
200031f0  Size                           
200031f4  Size2                          
200031f8  Size3                          
200031fc  TimerA1Task                    
20003200  nc                             
20003204  nl                             
20003208  nr                             
20003210  _sys_memory                    
20003610  _ftable                        
20003700  _device                        
20003778  _stream                        
200037c8  ClockFrequency                 
200037cc  Prewait                        
200037d0  CPMwait                        
200037d4  Postwait                       
200037d8  IFlags                         
200037dc  Crystalstable                  
200037e0  __TI_ft_end                    
200037e4  __aeabi_stdin                  
200037e8  __aeabi_stdout                 
200037ec  __aeabi_stderr                 
200037f0  __TI_cleanup_ptr               
200037f4  __TI_dtors_ptr                 
200037f8  __TI_enable_exit_profile_output
200037fc  _lock                          
20003800  _unlock                        
20003818  SystemCoreClock                
2000fe00  __stack                        
20010000  __STACK_END                    
4000480c  WDTCTL_SYM                     
ffffffff  __TI_pprof_out_hndl            
ffffffff  __TI_prof_data_size            
ffffffff  __TI_prof_data_start           
ffffffff  __binit__                      
ffffffff  __c_args__                     
ffffffff  binit                          
UNDEFED   __mpu_init                     
UNDEFED   _system_post_cinit             

[228 symbols]
