******************************************************************************
                  TI ARM Linker PC v20.2.6                     
******************************************************************************
>> Linked Mon Oct 31 23:17:29 2022

OUTPUT FILE NAME:   <Lab3_Bump_Reflectance_Systick.out>
ENTRY POINT SYMBOL: "_c_int00_noargs"  address: 0000135d


MEMORY CONFIGURATION

         name            origin    length      used     unused   attr    fill
----------------------  --------  ---------  --------  --------  ----  --------
  MAIN                  00000000   00040000  0000144c  0003ebb4  R  X
  INFO                  00200000   00004000  00000000  00004000  R  X
  SRAM_CODE             01000000   00010000  0000023a  0000fdc6  RW X
  SRAM_DATA             20000000   00010000  0000023a  0000fdc6  RW  


SEGMENT ALLOCATION MAP

run origin  load origin   length   init length attrs members
----------  ----------- ---------- ----------- ----- -------
00000000    00000000    00001450   00001450    r-x
  00000000    00000000    000000e4   000000e4    r-- .intvecs
  000000e4    000000e4    00001310   00001310    r-x .text
  000013f4    000013f4    00000020   00000020    r-- .const
  00001418    00001418    00000038   00000038    r-- .cinit
20000000    20000000    0000003a   00000000    rw-
  20000000    20000000    00000030   00000000    rw- .data
  20000030    20000030    0000000a   00000000    rw- .bss
2000fe00    2000fe00    00000200   00000000    rw-
  2000fe00    2000fe00    00000200   00000000    rw- .stack


SECTION ALLOCATION MAP

 output                                  attributes/
section   page    origin      length       input sections
--------  ----  ----------  ----------   ----------------
.intvecs   0    00000000    000000e4     
                  00000000    000000e4     startup_msp432p401r_ccs.obj (.intvecs:retain)

.text      0    000000e4    00001310     
                  000000e4    00000630     TExaS.obj (.text)
                  00000714    0000032c     system_msp432p401r.obj (.text)
                  00000a40    00000304     Reflectance.obj (.text)
                  00000d44    000001e0     Clock.obj (.text)
                  00000f24    00000104     Bump.obj (.text)
                  00001028    000000f8     LaunchPad.obj (.text)
                  00001120    000000b4     Lab3_Sensorsmain.obj (.text)
                  000011d4    0000009c     rtsv7M4_T_le_v4SPD16_eabi.lib : memcpy_t2.asm.obj (.text)
                  00001270    00000068                                   : copy_decompress_lzss.c.obj (.text:decompress:lzss:__TI_decompress_lzss)
                  000012d8    00000044                                   : autoinit.c.obj (.text:__TI_auto_init_nobinit_nopinit:__TI_auto_init_nobinit_nopinit)
                  0000131c    00000040     SysTickInts.obj (.text)
                  0000135c    00000034     rtsv7M4_T_le_v4SPD16_eabi.lib : boot_cortex_m.c.obj (.text:_c_int00_noargs:_c_int00_noargs)
                  00001390    00000024     CortexM.obj (.text)
                  000013b4    0000001c     rtsv7M4_T_le_v4SPD16_eabi.lib : copy_zero_init.c.obj (.text:decompress:ZI:__TI_zero_init_nomemset:__TI_zero_init_nomemset)
                  000013d0    0000000e                                   : copy_decompress_none.c.obj (.text:decompress:none:__TI_decompress_none)
                  000013de    0000000e     startup_msp432p401r_ccs.obj (.text)
                  000013ec    00000004     rtsv7M4_T_le_v4SPD16_eabi.lib : pre_init.c.obj (.text:_system_pre_init)
                  000013f0    00000004                                   : exit.c.obj (.text:abort:abort)

.const     0    000013f4    00000020     
                  000013f4    00000020     Reflectance.obj (.const:$P$T0$1)

.cinit     0    00001418    00000038     
                  00001418    0000000d     (.cinit..data.load) [load image, compression = lzss]
                  00001425    00000003     --HOLE-- [fill = 0]
                  00001428    0000000c     (__TI_handler_table)
                  00001434    00000004     --HOLE-- [fill = 0]
                  00001438    00000008     (.cinit..bss.load) [load image, compression = zero_init]
                  00001440    00000010     (__TI_cinit_table)

.init_array 
*          0    00000000    00000000     UNINITIALIZED

.binit     0    00000000    00000000     

.data      0    20000000    00000030     UNINITIALIZED
                  20000000    00000018     Clock.obj (.data)
                  20000018    0000000c     TExaS.obj (.data)
                  20000024    00000005     Lab3_Sensorsmain.obj (.data)
                  20000029    00000003     --HOLE--
                  2000002c    00000004     system_msp432p401r.obj (.data)

.bss       0    20000030    0000000a     UNINITIALIZED
                  20000030    00000004     (.common:PeriodicTask2)
                  20000034    00000004     (.common:Port4Task)
                  20000038    00000001     (.common:LogicData)
                  20000039    00000001     (.common:reflectance_data)

.stack     0    2000fe00    00000200     UNINITIALIZED
                  2000fe00    00000004     rtsv7M4_T_le_v4SPD16_eabi.lib : boot_cortex_m.c.obj (.stack)
                  2000fe04    000001fc     --HOLE--

__llvm_prf_cnts 
*          0    20000000    00000000     UNINITIALIZED

MODULE SUMMARY

       Module                        code   ro data   rw data
       ------                        ----   -------   -------
    .\
       TExaS.obj                     1584   0         34     
       system_msp432p401r.obj        812    0         8      
       Reflectance.obj               772    32        0      
       Clock.obj                     480    0         48     
       Bump.obj                      260    0         0      
       LaunchPad.obj                 248    0         0      
       startup_msp432p401r_ccs.obj   14     228       0      
       Lab3_Sensorsmain.obj          180    0         20     
       SysTickInts.obj               64     0         0      
       CortexM.obj                   36     0         0      
    +--+-----------------------------+------+---------+---------+
       Total:                        4450   260       110    
                                                             
    C:\ti\ccs1200\ccs\tools\compiler\ti-cgt-arm_20.2.6.LTS\lib\rtsv7M4_T_le_v4SPD16_eabi.lib
       memcpy_t2.asm.obj             156    0         0      
       copy_decompress_lzss.c.obj    104    0         0      
       autoinit.c.obj                68     0         0      
       boot_cortex_m.c.obj           52     0         0      
       copy_zero_init.c.obj          28     0         0      
       copy_decompress_none.c.obj    14     0         0      
       exit.c.obj                    4      0         0      
       pre_init.c.obj                4      0         0      
    +--+-----------------------------+------+---------+---------+
       Total:                        430    0         0      
                                                             
       Stack:                        0      0         1024   
       Linker Generated:             0      49        0      
    +--+-----------------------------+------+---------+---------+
       Grand Total:                  4880   309       1134   


LINKER GENERATED COPY TABLES

__TI_cinit_table @ 00001440 records: 2, size/record: 8, table size: 16
	.data: load addr=00001418, load size=0000000d bytes, run addr=20000000, run size=00000030 bytes, compression=lzss
	.bss: load addr=00001438, load size=00000008 bytes, run addr=20000030, run size=0000000a bytes, compression=zero_init


LINKER GENERATED HANDLER TABLE

__TI_handler_table @ 00001428 records: 3, size/record: 4, table size: 12
	index: 0, handler: __TI_decompress_lzss
	index: 1, handler: __TI_decompress_none
	index: 2, handler: __TI_zero_init


GLOBAL SYMBOLS: SORTED ALPHABETICALLY BY Name 

address   name                          
-------   ----                          
000013eb  ADC14_IRQHandler              
00000475  ADC_Init                      
000013eb  AES256_IRQHandler             
00000f25  Bump_Init                     
00000f7d  Bump_Read                     
000013eb  BusFault_Handler              
000013f1  C$$EXIT                       
000013eb  COMP_E0_IRQHandler            
000013eb  COMP_E1_IRQHandler            
20000008  CPMwait                       
000013eb  CS_IRQHandler                 
20000000  ClockFrequency                
00000e99  Clock_Delay1ms                
00000e6f  Clock_Delay1us                
00000e5b  Clock_GetFreq                 
00000d45  Clock_Init48MHz               
20000014  Crystalstable                 
000013eb  DMA_ERR_IRQHandler            
000013eb  DMA_INT0_IRQHandler           
000013eb  DMA_INT1_IRQHandler           
000013eb  DMA_INT2_IRQHandler           
000013eb  DMA_INT3_IRQHandler           
000013eb  DebugMon_Handler              
000013eb  Default_Handler               
00001391  DisableInterrupts             
000013eb  EUSCIA0_IRQHandler            
000013eb  EUSCIA1_IRQHandler            
000013eb  EUSCIA2_IRQHandler            
000013eb  EUSCIA3_IRQHandler            
000013eb  EUSCIB0_IRQHandler            
000013eb  EUSCIB1_IRQHandler            
000013eb  EUSCIB2_IRQHandler            
000013eb  EUSCIB3_IRQHandler            
00001397  EnableInterrupts              
000013a7  EndCritical                   
000013eb  FLCTL_IRQHandler              
000013eb  FPU_IRQHandler                
000013eb  HardFault_Handler             
20000010  IFlags                        
00001029  LaunchPad_Init                
00001099  LaunchPad_Input               
000010b7  LaunchPad_LED                 
000010d5  LaunchPad_Output              
000000e5  LogicAnalyzer                 
000000ef  LogicAnalyzer_P1              
000001c5  LogicAnalyzer_P10             
000000fd  LogicAnalyzer_P2              
0000010b  LogicAnalyzer_P2_7654         
0000011b  LogicAnalyzer_P3              
00000129  LogicAnalyzer_P4              
00000147  LogicAnalyzer_P4_765320       
00000137  LogicAnalyzer_P4_765432       
0000017f  LogicAnalyzer_P5              
0000018d  LogicAnalyzer_P6              
0000019b  LogicAnalyzer_P7              
000001a9  LogicAnalyzer_P8              
000001b7  LogicAnalyzer_P9              
20000038  LogicData                     
20000024  MainCount                     
000013eb  MemManage_Handler             
000013eb  NMI_Handler                   
000013eb  PCM_IRQHandler                
000013eb  PORT1_IRQHandler              
000013eb  PORT2_IRQHandler              
000013eb  PORT3_IRQHandler              
000011a7  PORT4_IRQHandler              
000011a7  PORT4_IRQHandler              
000013eb  PORT5_IRQHandler              
000013eb  PORT6_IRQHandler              
000013eb  PSS_IRQHandler                
000013eb  PendSV_Handler                
20000030  PeriodicTask2                 
00000257  PeriodicTask2_Init            
000002d1  PeriodicTask2_Stop            
20000034  Port4Task                     
00000a51  Port5_Init                    
00000a91  Port7_Init                    
00000ab3  Port7_InitToInput             
00000aa5  Port7_Output_ChargeCap        
00000a71  Port9_Init                    
2000000c  Postwait                      
20000004  Prewait                       
000013eb  RTC_C_IRQHandler              
00000b09  Reflectance_Center            
00000cdb  Reflectance_End               
00000a41  Reflectance_Init              
00000b6d  Reflectance_Position          
00000abb  Reflectance_Read              
00000cb5  Reflectance_Start             
000013df  Reset_Handler                 
000013eb  SVC_Handler                   
000001d3  Scope                         
0000139d  StartCritical                 
00001121  SysTick_Handler               
00001121  SysTick_Handler               
0000131d  SysTick_Init                  
2000002c  SystemCoreClock               
00000715  SystemCoreClockUpdate         
00000989  SystemInit                    
000002c1  T32_INT1_IRQHandler           
000002c1  T32_INT1_IRQHandler           
000013eb  T32_INT2_IRQHandler           
000013eb  T32_INTC_IRQHandler           
000013eb  TA0_0_IRQHandler              
000013eb  TA0_N_IRQHandler              
000013eb  TA1_0_IRQHandler              
000013eb  TA1_N_IRQHandler              
000013eb  TA2_0_IRQHandler              
000013eb  TA2_N_IRQHandler              
000013eb  TA3_0_IRQHandler              
000013eb  TA3_N_IRQHandler              
00000413  TExaS_Clear0                  
0000041f  TExaS_Clear1                  
0000042b  TExaS_Clear2                  
00000437  TExaS_Clear3                  
00000443  TExaS_Clear4                  
00000445  TExaS_Clear5                  
00000451  TExaS_Clear6                  
00000551  TExaS_Init                    
2000001c  TExaS_ScopeErrConflict        
20000018  TExaS_ScopeErrLostData        
20000020  TExaS_ScopeWrnReconfig        
000003b1  TExaS_Set                     
000003c9  TExaS_Set0                    
000003d5  TExaS_Set1                    
000003e1  TExaS_Set2                    
000003ed  TExaS_Set3                    
000003f9  TExaS_Set4                    
000003fb  TExaS_Set5                    
00000407  TExaS_Set6                    
000006b1  TExaS_Stop                    
00000367  TExaS_Task0                   
00000373  TExaS_Task1                   
0000037f  TExaS_Task2                   
0000038b  TExaS_Task3                   
00000397  TExaS_Task4                   
00000399  TExaS_Task5                   
000003a5  TExaS_Task6                   
0000033b  UART_InChar                   
000002e1  UART_Init                     
0000034b  UART_OutChar                  
000013eb  UsageFault_Handler            
4000480c  WDTCTL_SYM                    
000013eb  WDT_A_IRQHandler              
000013af  WaitForInterrupt              
20010000  __STACK_END                   
00000200  __STACK_SIZE                  
00001440  __TI_CINIT_Base               
00001450  __TI_CINIT_Limit              
00001428  __TI_Handler_Table_Base       
00001434  __TI_Handler_Table_Limit      
000012d9  __TI_auto_init_nobinit_nopinit
00001271  __TI_decompress_lzss          
000013d1  __TI_decompress_none          
ffffffff  __TI_pprof_out_hndl           
ffffffff  __TI_prof_data_size           
ffffffff  __TI_prof_data_start          
00000000  __TI_static_base__            
000013b5  __TI_zero_init_nomemset       
000011d5  __aeabi_memcpy                
000011d5  __aeabi_memcpy4               
000011d5  __aeabi_memcpy8               
ffffffff  __binit__                     
ffffffff  __c_args__                    
UNDEFED   __mpu_init                    
2000fe00  __stack                       
20000000  __start___llvm_prf_cnts       
20000000  __stop___llvm_prf_cnts        
0000135d  _c_int00_noargs               
UNDEFED   _system_post_cinit            
000013ed  _system_pre_init              
000013f1  abort                         
ffffffff  binit                         
00000e61  delay                         
00000000  interruptVectors              
00001157  main                          
000011d5  memcpy                        
20000039  reflectance_data              


GLOBAL SYMBOLS: SORTED BY Symbol Address 

address   name                          
-------   ----                          
00000000  __TI_static_base__            
00000000  interruptVectors              
000000e5  LogicAnalyzer                 
000000ef  LogicAnalyzer_P1              
000000fd  LogicAnalyzer_P2              
0000010b  LogicAnalyzer_P2_7654         
0000011b  LogicAnalyzer_P3              
00000129  LogicAnalyzer_P4              
00000137  LogicAnalyzer_P4_765432       
00000147  LogicAnalyzer_P4_765320       
0000017f  LogicAnalyzer_P5              
0000018d  LogicAnalyzer_P6              
0000019b  LogicAnalyzer_P7              
000001a9  LogicAnalyzer_P8              
000001b7  LogicAnalyzer_P9              
000001c5  LogicAnalyzer_P10             
000001d3  Scope                         
00000200  __STACK_SIZE                  
00000257  PeriodicTask2_Init            
000002c1  T32_INT1_IRQHandler           
000002c1  T32_INT1_IRQHandler           
000002d1  PeriodicTask2_Stop            
000002e1  UART_Init                     
0000033b  UART_InChar                   
0000034b  UART_OutChar                  
00000367  TExaS_Task0                   
00000373  TExaS_Task1                   
0000037f  TExaS_Task2                   
0000038b  TExaS_Task3                   
00000397  TExaS_Task4                   
00000399  TExaS_Task5                   
000003a5  TExaS_Task6                   
000003b1  TExaS_Set                     
000003c9  TExaS_Set0                    
000003d5  TExaS_Set1                    
000003e1  TExaS_Set2                    
000003ed  TExaS_Set3                    
000003f9  TExaS_Set4                    
000003fb  TExaS_Set5                    
00000407  TExaS_Set6                    
00000413  TExaS_Clear0                  
0000041f  TExaS_Clear1                  
0000042b  TExaS_Clear2                  
00000437  TExaS_Clear3                  
00000443  TExaS_Clear4                  
00000445  TExaS_Clear5                  
00000451  TExaS_Clear6                  
00000475  ADC_Init                      
00000551  TExaS_Init                    
000006b1  TExaS_Stop                    
00000715  SystemCoreClockUpdate         
00000989  SystemInit                    
00000a41  Reflectance_Init              
00000a51  Port5_Init                    
00000a71  Port9_Init                    
00000a91  Port7_Init                    
00000aa5  Port7_Output_ChargeCap        
00000ab3  Port7_InitToInput             
00000abb  Reflectance_Read              
00000b09  Reflectance_Center            
00000b6d  Reflectance_Position          
00000cb5  Reflectance_Start             
00000cdb  Reflectance_End               
00000d45  Clock_Init48MHz               
00000e5b  Clock_GetFreq                 
00000e61  delay                         
00000e6f  Clock_Delay1us                
00000e99  Clock_Delay1ms                
00000f25  Bump_Init                     
00000f7d  Bump_Read                     
00001029  LaunchPad_Init                
00001099  LaunchPad_Input               
000010b7  LaunchPad_LED                 
000010d5  LaunchPad_Output              
00001121  SysTick_Handler               
00001121  SysTick_Handler               
00001157  main                          
000011a7  PORT4_IRQHandler              
000011a7  PORT4_IRQHandler              
000011d5  __aeabi_memcpy                
000011d5  __aeabi_memcpy4               
000011d5  __aeabi_memcpy8               
000011d5  memcpy                        
00001271  __TI_decompress_lzss          
000012d9  __TI_auto_init_nobinit_nopinit
0000131d  SysTick_Init                  
0000135d  _c_int00_noargs               
00001391  DisableInterrupts             
00001397  EnableInterrupts              
0000139d  StartCritical                 
000013a7  EndCritical                   
000013af  WaitForInterrupt              
000013b5  __TI_zero_init_nomemset       
000013d1  __TI_decompress_none          
000013df  Reset_Handler                 
000013eb  ADC14_IRQHandler              
000013eb  AES256_IRQHandler             
000013eb  BusFault_Handler              
000013eb  COMP_E0_IRQHandler            
000013eb  COMP_E1_IRQHandler            
000013eb  CS_IRQHandler                 
000013eb  DMA_ERR_IRQHandler            
000013eb  DMA_INT0_IRQHandler           
000013eb  DMA_INT1_IRQHandler           
000013eb  DMA_INT2_IRQHandler           
000013eb  DMA_INT3_IRQHandler           
000013eb  DebugMon_Handler              
000013eb  Default_Handler               
000013eb  EUSCIA0_IRQHandler            
000013eb  EUSCIA1_IRQHandler            
000013eb  EUSCIA2_IRQHandler            
000013eb  EUSCIA3_IRQHandler            
000013eb  EUSCIB0_IRQHandler            
000013eb  EUSCIB1_IRQHandler            
000013eb  EUSCIB2_IRQHandler            
000013eb  EUSCIB3_IRQHandler            
000013eb  FLCTL_IRQHandler              
000013eb  FPU_IRQHandler                
000013eb  HardFault_Handler             
000013eb  MemManage_Handler             
000013eb  NMI_Handler                   
000013eb  PCM_IRQHandler                
000013eb  PORT1_IRQHandler              
000013eb  PORT2_IRQHandler              
000013eb  PORT3_IRQHandler              
000013eb  PORT5_IRQHandler              
000013eb  PORT6_IRQHandler              
000013eb  PSS_IRQHandler                
000013eb  PendSV_Handler                
000013eb  RTC_C_IRQHandler              
000013eb  SVC_Handler                   
000013eb  T32_INT2_IRQHandler           
000013eb  T32_INTC_IRQHandler           
000013eb  TA0_0_IRQHandler              
000013eb  TA0_N_IRQHandler              
000013eb  TA1_0_IRQHandler              
000013eb  TA1_N_IRQHandler              
000013eb  TA2_0_IRQHandler              
000013eb  TA2_N_IRQHandler              
000013eb  TA3_0_IRQHandler              
000013eb  TA3_N_IRQHandler              
000013eb  UsageFault_Handler            
000013eb  WDT_A_IRQHandler              
000013ed  _system_pre_init              
000013f1  C$$EXIT                       
000013f1  abort                         
00001428  __TI_Handler_Table_Base       
00001434  __TI_Handler_Table_Limit      
00001440  __TI_CINIT_Base               
00001450  __TI_CINIT_Limit              
20000000  ClockFrequency                
20000000  __start___llvm_prf_cnts       
20000000  __stop___llvm_prf_cnts        
20000004  Prewait                       
20000008  CPMwait                       
2000000c  Postwait                      
20000010  IFlags                        
20000014  Crystalstable                 
20000018  TExaS_ScopeErrLostData        
2000001c  TExaS_ScopeErrConflict        
20000020  TExaS_ScopeWrnReconfig        
20000024  MainCount                     
2000002c  SystemCoreClock               
20000030  PeriodicTask2                 
20000034  Port4Task                     
20000038  LogicData                     
20000039  reflectance_data              
2000fe00  __stack                       
20010000  __STACK_END                   
4000480c  WDTCTL_SYM                    
ffffffff  __TI_pprof_out_hndl           
ffffffff  __TI_prof_data_size           
ffffffff  __TI_prof_data_start          
ffffffff  __binit__                     
ffffffff  __c_args__                    
ffffffff  binit                         
UNDEFED   __mpu_init                    
UNDEFED   _system_post_cinit            

[178 symbols]
